###############################################################################
#
# IAR ELF Linker V9.50.1.380/W64 for ARM                  20/Feb/2024  08:20:55
# Copyright 2007-2023 IAR Systems AB.
#
#    Output file  =
#        C:\Users\Esargeant\Documents\DelSlowEGT\EWARM\DelSlowEGT\Exe\DelSlowEGT.out
#    Map file     =
#        C:\Users\Esargeant\Documents\DelSlowEGT\EWARM\DelSlowEGT\List\DelSlowEGT.map
#    Command line =
#        -f
#        C:\Users\Esargeant\Documents\DelSlowEGT\EWARM\DelSlowEGT\Exe\DelSlowEGT.out.rsp
#        (C:\Users\Esargeant\Documents\DelSlowEGT\EWARM\DelSlowEGT\Obj\LwIP_6171225858623166285.dir\altcp.o
#        C:\Users\Esargeant\Documents\DelSlowEGT\EWARM\DelSlowEGT\Obj\LwIP_6171225858623166285.dir\altcp_alloc.o
#        C:\Users\Esargeant\Documents\DelSlowEGT\EWARM\DelSlowEGT\Obj\LwIP_6171225858623166285.dir\altcp_tcp.o
#        C:\Users\Esargeant\Documents\DelSlowEGT\EWARM\DelSlowEGT\Obj\LwIP_6171225858623166285.dir\api_lib.o
#        C:\Users\Esargeant\Documents\DelSlowEGT\EWARM\DelSlowEGT\Obj\LwIP_6171225858623166285.dir\api_msg.o
#        C:\Users\Esargeant\Documents\DelSlowEGT\EWARM\DelSlowEGT\Obj\LwIP_6171225858623166285.dir\auth.o
#        C:\Users\Esargeant\Documents\DelSlowEGT\EWARM\DelSlowEGT\Obj\LwIP_6171225858623166285.dir\autoip.o
#        C:\Users\Esargeant\Documents\DelSlowEGT\EWARM\DelSlowEGT\Obj\LwIP_6171225858623166285.dir\bridgeif.o
#        C:\Users\Esargeant\Documents\DelSlowEGT\EWARM\DelSlowEGT\Obj\LwIP_6171225858623166285.dir\bridgeif_fdb.o
#        C:\Users\Esargeant\Documents\DelSlowEGT\EWARM\DelSlowEGT\Obj\LwIP_6171225858623166285.dir\ccp.o
#        C:\Users\Esargeant\Documents\DelSlowEGT\EWARM\DelSlowEGT\Obj\LwIP_6171225858623166285.dir\chap-md5.o
#        C:\Users\Esargeant\Documents\DelSlowEGT\EWARM\DelSlowEGT\Obj\LwIP_6171225858623166285.dir\chap-new.o
#        C:\Users\Esargeant\Documents\DelSlowEGT\EWARM\DelSlowEGT\Obj\LwIP_6171225858623166285.dir\chap_ms.o
#        C:\Users\Esargeant\Documents\DelSlowEGT\EWARM\DelSlowEGT\Obj\FreeRTOS_4809373609813369194.dir\cmsis_os2.o
#        C:\Users\Esargeant\Documents\DelSlowEGT\EWARM\DelSlowEGT\Obj\FreeRTOS_4809373609813369194.dir\croutine.o
#        C:\Users\Esargeant\Documents\DelSlowEGT\EWARM\DelSlowEGT\Obj\LwIP_6171225858623166285.dir\def.o
#        C:\Users\Esargeant\Documents\DelSlowEGT\EWARM\DelSlowEGT\Obj\LwIP_6171225858623166285.dir\demand.o
#        C:\Users\Esargeant\Documents\DelSlowEGT\EWARM\DelSlowEGT\Obj\LwIP_6171225858623166285.dir\dhcp.o
#        C:\Users\Esargeant\Documents\DelSlowEGT\EWARM\DelSlowEGT\Obj\LwIP_6171225858623166285.dir\dhcp6.o
#        C:\Users\Esargeant\Documents\DelSlowEGT\EWARM\DelSlowEGT\Obj\LwIP_6171225858623166285.dir\dns.o
#        C:\Users\Esargeant\Documents\DelSlowEGT\EWARM\DelSlowEGT\Obj\LwIP_6171225858623166285.dir\eap.o
#        C:\Users\Esargeant\Documents\DelSlowEGT\EWARM\DelSlowEGT\Obj\LwIP_6171225858623166285.dir\ecp.o
#        C:\Users\Esargeant\Documents\DelSlowEGT\EWARM\DelSlowEGT\Obj\LwIP_6171225858623166285.dir\err.o
#        C:\Users\Esargeant\Documents\DelSlowEGT\EWARM\DelSlowEGT\Obj\LwIP_6171225858623166285.dir\etharp.o
#        C:\Users\Esargeant\Documents\DelSlowEGT\EWARM\DelSlowEGT\Obj\LwIP_6171225858623166285.dir\ethernet.o
#        C:\Users\Esargeant\Documents\DelSlowEGT\EWARM\DelSlowEGT\Obj\Target_3350788479523181063.dir\ethernetif.o
#        C:\Users\Esargeant\Documents\DelSlowEGT\EWARM\DelSlowEGT\Obj\LwIP_6171225858623166285.dir\ethip6.o
#        C:\Users\Esargeant\Documents\DelSlowEGT\EWARM\DelSlowEGT\Obj\LwIP_6171225858623166285.dir\eui64.o
#        C:\Users\Esargeant\Documents\DelSlowEGT\EWARM\DelSlowEGT\Obj\FreeRTOS_4809373609813369194.dir\event_groups.o
#        C:\Users\Esargeant\Documents\DelSlowEGT\EWARM\DelSlowEGT\Obj\Core_13247989168731456611.dir\freertos.o
#        C:\Users\Esargeant\Documents\DelSlowEGT\EWARM\DelSlowEGT\Obj\LwIP_6171225858623166285.dir\fsm.o
#        C:\Users\Esargeant\Documents\DelSlowEGT\EWARM\DelSlowEGT\Obj\FreeRTOS_4809373609813369194.dir\heap_4.o
#        C:\Users\Esargeant\Documents\DelSlowEGT\EWARM\DelSlowEGT\Obj\LwIP_6171225858623166285.dir\icmp.o
#        C:\Users\Esargeant\Documents\DelSlowEGT\EWARM\DelSlowEGT\Obj\LwIP_6171225858623166285.dir\icmp6.o
#        C:\Users\Esargeant\Documents\DelSlowEGT\EWARM\DelSlowEGT\Obj\LwIP_6171225858623166285.dir\if_api.o
#        C:\Users\Esargeant\Documents\DelSlowEGT\EWARM\DelSlowEGT\Obj\LwIP_6171225858623166285.dir\igmp.o
#        C:\Users\Esargeant\Documents\DelSlowEGT\EWARM\DelSlowEGT\Obj\LwIP_6171225858623166285.dir\inet6.o
#        C:\Users\Esargeant\Documents\DelSlowEGT\EWARM\DelSlowEGT\Obj\LwIP_6171225858623166285.dir\inet_chksum.o
#        C:\Users\Esargeant\Documents\DelSlowEGT\EWARM\DelSlowEGT\Obj\LwIP_6171225858623166285.dir\init.o
#        C:\Users\Esargeant\Documents\DelSlowEGT\EWARM\DelSlowEGT\Obj\LwIP_6171225858623166285.dir\ip.o
#        C:\Users\Esargeant\Documents\DelSlowEGT\EWARM\DelSlowEGT\Obj\LwIP_6171225858623166285.dir\ip4.o
#        C:\Users\Esargeant\Documents\DelSlowEGT\EWARM\DelSlowEGT\Obj\LwIP_6171225858623166285.dir\ip4_addr.o
#        C:\Users\Esargeant\Documents\DelSlowEGT\EWARM\DelSlowEGT\Obj\LwIP_6171225858623166285.dir\ip4_frag.o
#        C:\Users\Esargeant\Documents\DelSlowEGT\EWARM\DelSlowEGT\Obj\LwIP_6171225858623166285.dir\ip6.o
#        C:\Users\Esargeant\Documents\DelSlowEGT\EWARM\DelSlowEGT\Obj\LwIP_6171225858623166285.dir\ip6_addr.o
#        C:\Users\Esargeant\Documents\DelSlowEGT\EWARM\DelSlowEGT\Obj\LwIP_6171225858623166285.dir\ip6_frag.o
#        C:\Users\Esargeant\Documents\DelSlowEGT\EWARM\DelSlowEGT\Obj\LwIP_6171225858623166285.dir\ipcp.o
#        C:\Users\Esargeant\Documents\DelSlowEGT\EWARM\DelSlowEGT\Obj\LwIP_6171225858623166285.dir\ipv6cp.o
#        C:\Users\Esargeant\Documents\DelSlowEGT\EWARM\DelSlowEGT\Obj\Components_1361118596739929299.dir\lan8742.o
#        C:\Users\Esargeant\Documents\DelSlowEGT\EWARM\DelSlowEGT\Obj\LwIP_6171225858623166285.dir\lcp.o
#        C:\Users\Esargeant\Documents\DelSlowEGT\EWARM\DelSlowEGT\Obj\FreeRTOS_4809373609813369194.dir\list.o
#        C:\Users\Esargeant\Documents\DelSlowEGT\EWARM\DelSlowEGT\Obj\LwIP_6171225858623166285.dir\lowpan6.o
#        C:\Users\Esargeant\Documents\DelSlowEGT\EWARM\DelSlowEGT\Obj\LwIP_6171225858623166285.dir\lowpan6_ble.o
#        C:\Users\Esargeant\Documents\DelSlowEGT\EWARM\DelSlowEGT\Obj\LwIP_6171225858623166285.dir\lowpan6_common.o
#        C:\Users\Esargeant\Documents\DelSlowEGT\EWARM\DelSlowEGT\Obj\App_1701151011510409763.dir\lwip.o
#        C:\Users\Esargeant\Documents\DelSlowEGT\EWARM\DelSlowEGT\Obj\LwIP_6171225858623166285.dir\magic.o
#        C:\Users\Esargeant\Documents\DelSlowEGT\EWARM\DelSlowEGT\Obj\Core_13247989168731456611.dir\main.o
#        C:\Users\Esargeant\Documents\DelSlowEGT\EWARM\DelSlowEGT\Obj\LwIP_6171225858623166285.dir\mem.o
#        C:\Users\Esargeant\Documents\DelSlowEGT\EWARM\DelSlowEGT\Obj\LwIP_6171225858623166285.dir\memp.o
#        C:\Users\Esargeant\Documents\DelSlowEGT\EWARM\DelSlowEGT\Obj\LwIP_6171225858623166285.dir\mld6.o
#        C:\Users\Esargeant\Documents\DelSlowEGT\EWARM\DelSlowEGT\Obj\LwIP_6171225858623166285.dir\mppe.o
#        C:\Users\Esargeant\Documents\DelSlowEGT\EWARM\DelSlowEGT\Obj\LwIP_6171225858623166285.dir\mqtt.o
#        C:\Users\Esargeant\Documents\DelSlowEGT\EWARM\DelSlowEGT\Obj\LwIP_6171225858623166285.dir\multilink.o
#        C:\Users\Esargeant\Documents\DelSlowEGT\EWARM\DelSlowEGT\Obj\LwIP_6171225858623166285.dir\nd6.o
#        C:\Users\Esargeant\Documents\DelSlowEGT\EWARM\DelSlowEGT\Obj\LwIP_6171225858623166285.dir\netbuf.o
#        C:\Users\Esargeant\Documents\DelSlowEGT\EWARM\DelSlowEGT\Obj\LwIP_6171225858623166285.dir\netdb.o
#        C:\Users\Esargeant\Documents\DelSlowEGT\EWARM\DelSlowEGT\Obj\LwIP_6171225858623166285.dir\netif.o
#        C:\Users\Esargeant\Documents\DelSlowEGT\EWARM\DelSlowEGT\Obj\LwIP_6171225858623166285.dir\netifapi.o
#        C:\Users\Esargeant\Documents\DelSlowEGT\EWARM\DelSlowEGT\Obj\LwIP_6171225858623166285.dir\pbuf.o
#        C:\Users\Esargeant\Documents\DelSlowEGT\EWARM\DelSlowEGT\Obj\FreeRTOS_4809373609813369194.dir\port.o
#        C:\Users\Esargeant\Documents\DelSlowEGT\EWARM\DelSlowEGT\Obj\FreeRTOS_4809373609813369194.dir\portasm.o
#        C:\Users\Esargeant\Documents\DelSlowEGT\EWARM\DelSlowEGT\Obj\LwIP_6171225858623166285.dir\ppp.o
#        C:\Users\Esargeant\Documents\DelSlowEGT\EWARM\DelSlowEGT\Obj\LwIP_6171225858623166285.dir\pppapi.o
#        C:\Users\Esargeant\Documents\DelSlowEGT\EWARM\DelSlowEGT\Obj\LwIP_6171225858623166285.dir\pppcrypt.o
#        C:\Users\Esargeant\Documents\DelSlowEGT\EWARM\DelSlowEGT\Obj\LwIP_6171225858623166285.dir\pppoe.o
#        C:\Users\Esargeant\Documents\DelSlowEGT\EWARM\DelSlowEGT\Obj\LwIP_6171225858623166285.dir\pppol2tp.o
#        C:\Users\Esargeant\Documents\DelSlowEGT\EWARM\DelSlowEGT\Obj\LwIP_6171225858623166285.dir\pppos.o
#        C:\Users\Esargeant\Documents\DelSlowEGT\EWARM\DelSlowEGT\Obj\FreeRTOS_4809373609813369194.dir\queue.o
#        C:\Users\Esargeant\Documents\DelSlowEGT\EWARM\DelSlowEGT\Obj\LwIP_6171225858623166285.dir\raw.o
#        C:\Users\Esargeant\Documents\DelSlowEGT\EWARM\DelSlowEGT\Obj\LwIP_6171225858623166285.dir\slipif.o
#        C:\Users\Esargeant\Documents\DelSlowEGT\EWARM\DelSlowEGT\Obj\LwIP_6171225858623166285.dir\sockets.o
#        C:\Users\Esargeant\Documents\DelSlowEGT\EWARM\DelSlowEGT\Obj\EWARM_18443280873093131863.dir\startup_stm32h730xx.o
#        C:\Users\Esargeant\Documents\DelSlowEGT\EWARM\DelSlowEGT\Obj\LwIP_6171225858623166285.dir\stats.o
#        C:\Users\Esargeant\Documents\DelSlowEGT\EWARM\DelSlowEGT\Obj\STM32H7xx_HAL_Driver_12323373487323971647.dir\stm32h7xx_hal.o
#        C:\Users\Esargeant\Documents\DelSlowEGT\EWARM\DelSlowEGT\Obj\STM32H7xx_HAL_Driver_12323373487323971647.dir\stm32h7xx_hal_cortex.o
#        C:\Users\Esargeant\Documents\DelSlowEGT\EWARM\DelSlowEGT\Obj\STM32H7xx_HAL_Driver_12323373487323971647.dir\stm32h7xx_hal_dma.o
#        C:\Users\Esargeant\Documents\DelSlowEGT\EWARM\DelSlowEGT\Obj\STM32H7xx_HAL_Driver_12323373487323971647.dir\stm32h7xx_hal_dma_ex.o
#        C:\Users\Esargeant\Documents\DelSlowEGT\EWARM\DelSlowEGT\Obj\STM32H7xx_HAL_Driver_12323373487323971647.dir\stm32h7xx_hal_eth.o
#        C:\Users\Esargeant\Documents\DelSlowEGT\EWARM\DelSlowEGT\Obj\STM32H7xx_HAL_Driver_12323373487323971647.dir\stm32h7xx_hal_eth_ex.o
#        C:\Users\Esargeant\Documents\DelSlowEGT\EWARM\DelSlowEGT\Obj\STM32H7xx_HAL_Driver_12323373487323971647.dir\stm32h7xx_hal_exti.o
#        C:\Users\Esargeant\Documents\DelSlowEGT\EWARM\DelSlowEGT\Obj\STM32H7xx_HAL_Driver_12323373487323971647.dir\stm32h7xx_hal_fdcan.o
#        C:\Users\Esargeant\Documents\DelSlowEGT\EWARM\DelSlowEGT\Obj\STM32H7xx_HAL_Driver_12323373487323971647.dir\stm32h7xx_hal_flash.o
#        C:\Users\Esargeant\Documents\DelSlowEGT\EWARM\DelSlowEGT\Obj\STM32H7xx_HAL_Driver_12323373487323971647.dir\stm32h7xx_hal_flash_ex.o
#        C:\Users\Esargeant\Documents\DelSlowEGT\EWARM\DelSlowEGT\Obj\STM32H7xx_HAL_Driver_12323373487323971647.dir\stm32h7xx_hal_gpio.o
#        C:\Users\Esargeant\Documents\DelSlowEGT\EWARM\DelSlowEGT\Obj\STM32H7xx_HAL_Driver_12323373487323971647.dir\stm32h7xx_hal_hsem.o
#        C:\Users\Esargeant\Documents\DelSlowEGT\EWARM\DelSlowEGT\Obj\STM32H7xx_HAL_Driver_12323373487323971647.dir\stm32h7xx_hal_i2c.o
#        C:\Users\Esargeant\Documents\DelSlowEGT\EWARM\DelSlowEGT\Obj\STM32H7xx_HAL_Driver_12323373487323971647.dir\stm32h7xx_hal_i2c_ex.o
#        C:\Users\Esargeant\Documents\DelSlowEGT\EWARM\DelSlowEGT\Obj\STM32H7xx_HAL_Driver_12323373487323971647.dir\stm32h7xx_hal_mdma.o
#        C:\Users\Esargeant\Documents\DelSlowEGT\EWARM\DelSlowEGT\Obj\Core_13247989168731456611.dir\stm32h7xx_hal_msp.o
#        C:\Users\Esargeant\Documents\DelSlowEGT\EWARM\DelSlowEGT\Obj\STM32H7xx_HAL_Driver_12323373487323971647.dir\stm32h7xx_hal_pwr.o
#        C:\Users\Esargeant\Documents\DelSlowEGT\EWARM\DelSlowEGT\Obj\STM32H7xx_HAL_Driver_12323373487323971647.dir\stm32h7xx_hal_pwr_ex.o
#        C:\Users\Esargeant\Documents\DelSlowEGT\EWARM\DelSlowEGT\Obj\STM32H7xx_HAL_Driver_12323373487323971647.dir\stm32h7xx_hal_rcc.o
#        C:\Users\Esargeant\Documents\DelSlowEGT\EWARM\DelSlowEGT\Obj\STM32H7xx_HAL_Driver_12323373487323971647.dir\stm32h7xx_hal_rcc_ex.o
#        C:\Users\Esargeant\Documents\DelSlowEGT\EWARM\DelSlowEGT\Obj\STM32H7xx_HAL_Driver_12323373487323971647.dir\stm32h7xx_hal_spi.o
#        C:\Users\Esargeant\Documents\DelSlowEGT\EWARM\DelSlowEGT\Obj\STM32H7xx_HAL_Driver_12323373487323971647.dir\stm32h7xx_hal_spi_ex.o
#        C:\Users\Esargeant\Documents\DelSlowEGT\EWARM\DelSlowEGT\Obj\STM32H7xx_HAL_Driver_12323373487323971647.dir\stm32h7xx_hal_tim.o
#        C:\Users\Esargeant\Documents\DelSlowEGT\EWARM\DelSlowEGT\Obj\STM32H7xx_HAL_Driver_12323373487323971647.dir\stm32h7xx_hal_tim_ex.o
#        C:\Users\Esargeant\Documents\DelSlowEGT\EWARM\DelSlowEGT\Obj\Core_13247989168731456611.dir\stm32h7xx_hal_timebase_tim.o
#        C:\Users\Esargeant\Documents\DelSlowEGT\EWARM\DelSlowEGT\Obj\STM32H7xx_HAL_Driver_12323373487323971647.dir\stm32h7xx_hal_uart.o
#        C:\Users\Esargeant\Documents\DelSlowEGT\EWARM\DelSlowEGT\Obj\STM32H7xx_HAL_Driver_12323373487323971647.dir\stm32h7xx_hal_uart_ex.o
#        C:\Users\Esargeant\Documents\DelSlowEGT\EWARM\DelSlowEGT\Obj\Core_13247989168731456611.dir\stm32h7xx_it.o
#        C:\Users\Esargeant\Documents\DelSlowEGT\EWARM\DelSlowEGT\Obj\FreeRTOS_4809373609813369194.dir\stream_buffer.o
#        C:\Users\Esargeant\Documents\DelSlowEGT\EWARM\DelSlowEGT\Obj\LwIP_6171225858623166285.dir\sys.o
#        C:\Users\Esargeant\Documents\DelSlowEGT\EWARM\DelSlowEGT\Obj\LwIP_6171225858623166285.dir\sys_arch.o
#        C:\Users\Esargeant\Documents\DelSlowEGT\EWARM\DelSlowEGT\Obj\CMSIS_6603591812247902717.dir\system_stm32h7xx.o
#        C:\Users\Esargeant\Documents\DelSlowEGT\EWARM\DelSlowEGT\Obj\FreeRTOS_4809373609813369194.dir\tasks.o
#        C:\Users\Esargeant\Documents\DelSlowEGT\EWARM\DelSlowEGT\Obj\LwIP_6171225858623166285.dir\tcp.o
#        C:\Users\Esargeant\Documents\DelSlowEGT\EWARM\DelSlowEGT\Obj\LwIP_6171225858623166285.dir\tcp_in.o
#        C:\Users\Esargeant\Documents\DelSlowEGT\EWARM\DelSlowEGT\Obj\LwIP_6171225858623166285.dir\tcp_out.o
#        C:\Users\Esargeant\Documents\DelSlowEGT\EWARM\DelSlowEGT\Obj\LwIP_6171225858623166285.dir\tcpip.o
#        C:\Users\Esargeant\Documents\DelSlowEGT\EWARM\DelSlowEGT\Obj\LwIP_6171225858623166285.dir\timeouts.o
#        C:\Users\Esargeant\Documents\DelSlowEGT\EWARM\DelSlowEGT\Obj\FreeRTOS_4809373609813369194.dir\timers.o
#        C:\Users\Esargeant\Documents\DelSlowEGT\EWARM\DelSlowEGT\Obj\LwIP_6171225858623166285.dir\udp.o
#        C:\Users\Esargeant\Documents\DelSlowEGT\EWARM\DelSlowEGT\Obj\LwIP_6171225858623166285.dir\upap.o
#        C:\Users\Esargeant\Documents\DelSlowEGT\EWARM\DelSlowEGT\Obj\LwIP_6171225858623166285.dir\utils.o
#        C:\Users\Esargeant\Documents\DelSlowEGT\EWARM\DelSlowEGT\Obj\LwIP_6171225858623166285.dir\vj.o
#        C:\Users\Esargeant\Documents\DelSlowEGT\EWARM\DelSlowEGT\Obj\LwIP_6171225858623166285.dir\zepif.o
#        --no_out_extension -o
#        C:\Users\Esargeant\Documents\DelSlowEGT\EWARM\DelSlowEGT\Exe\DelSlowEGT.out
#        --redirect _Printf=_PrintfFullNoMb --redirect _Scanf=_ScanfFullNoMb
#        --map
#        C:\Users\Esargeant\Documents\DelSlowEGT\EWARM\DelSlowEGT\List\DelSlowEGT.map
#        --config
#        C:\Users\Esargeant\Documents\DelSlowEGT\EWARM/stm32h730xx_flash.icf
#        --semihosting --entry __iar_program_start --vfe --text_out locale
#        --cpu=Cortex-M7 --fpu=VFPv5_d16) --dependencies=n
#        C:\Users\Esargeant\Documents\DelSlowEGT\EWARM\DelSlowEGT\Exe\DelSlowEGT.out.iar_deps
#
###############################################################################

*******************************************************************************
*** RUNTIME MODEL ATTRIBUTES
***

CppFlavor       = *
__CPP_Runtime   = 1
__SystemLibrary = DLib
__dlib_version  = 6


*******************************************************************************
*** HEAP SELECTION
***

The basic heap was selected because --advanced_heap
was not specified and the application did not appear to
be primarily optimized for speed.


*******************************************************************************
*** PLACEMENT SUMMARY
***

"A0":  place at address 0x800'0000 { ro section .intvec };
"P1":  place in [from 0x800'0000 to 0x801'ffff] { ro };
define block CSTACK with size = 1K, alignment = 8 { };
define block HEAP with size = 512, alignment = 8 { };
"P2":  place in [from 0x2000'0000 to 0x2001'ffff] {
          rw, block CSTACK, block HEAP };
initialize by copy { rw };

  Section            Kind         Address  Aligment      Size  Object
  -------            ----         -------  --------      ----  ------
"A0":                                                   0x2cc
  .intvec            ro code   0x800'0000         4     0x2cc  startup_stm32h730xx.o [5]
                             - 0x800'02cc               0x2cc

"P1":                                                0x1'1972
  .text              ro code   0x800'02cc         4    0x1450  tcp_in.o [7]
  .text              ro code   0x800'171c         4      0x32  ip4_addr.o [7]
  .text              ro code   0x800'174e         2      0x3a  packbits_init_single.o [12]
  .text              ro code   0x800'1788         4     0x868  pbuf.o [7]
  .text              ro code   0x800'1ff0         2      0x26  def.o [7]
  .rodata            const     0x800'2016         2       0x2  xlocale_c.o [10]
  .text              ro code   0x800'2018         4     0xf64  tcp.o [7]
  .text              ro code   0x800'2f7c         4     0xdfc  tcp_out.o [7]
  .text              ro code   0x800'3d78         4     0x1c0  timeouts.o [7]
  .text              ro code   0x800'3f38         4     0x2f0  ip4.o [7]
  .text              ro code   0x800'4228         4      0x28  printf.o [10]
  .text              ro code   0x800'4250         4      0xfc  sys_arch.o [7]
  .text              ro code   0x800'434c         4     0x1c4  memp.o [7]
  .text              ro code   0x800'4510         4     0x228  tcpip.o [7]
  .text              ro code   0x800'4738         4     0x54c  mem.o [7]
  .text              ro code   0x800'4c84         4      0x18  ABImemcpy_small.o [12]
  .text              ro code   0x800'4c9c         4      0x98  rand.o [10]
  .text              ro code   0x800'4d34         4       0x6  ABImemclr4.o [12]
  .rodata            const     0x800'4d3a                 0x1  xlocale_c.o [10]
  .text              ro code   0x800'4d3c         4     0x3cc  netif.o [7]
  .text              ro code   0x800'5108         4     0x5a0  ethernetif.o [9]
  .text              ro code   0x800'56a8         4     0x880  ip4_frag.o [7]
  .text              ro code   0x800'5f28         4     0x784  udp.o [7]
  .text              ro code   0x800'66ac         4     0x1e4  icmp.o [7]
  .text              ro code   0x800'6890         4     0xeca  xprintffull_nomb.o [10]
  .text              ro code   0x800'775c         4     0x46c  cmsis_os2.o [6]
  .text              ro code   0x800'7bc8         2      0x26  init.o [7]
  .text              ro code   0x800'7bf0         4      0x3a  ABImemset48.o [12]
  .text              ro code   0x800'7c2c         4     0x7b0  etharp.o [7]
  .text              ro code   0x800'83dc         4     0xf80  stm32h7xx_hal_eth.o [8]
  .text              ro code   0x800'935c         4       0x6  ABImemclr.o [12]
  .text              ro code   0x800'9362         2     0x194  lan8742.o [3]
  .text              ro code   0x800'94f8         4     0xab8  main.o [4]
  .text              ro code   0x800'9fb0         4       0xc  stm32h7xx_hal.o [8]
  .text              ro code   0x800'9fbc         4     0x210  stm32h7xx_hal_gpio.o [8]
  .text              ro code   0x800'a1cc         4     0x114  stm32h7xx_hal_cortex.o [8]
  .text              ro code   0x800'a2e0         4      0xb0  inet_chksum.o [7]
  .text              ro code   0x800'a390         4      0x16  strchr.o [12]
  .text              ro code   0x800'a3a8         4      0x40  xfail_s.o [10]
  .text              ro code   0x800'a3e8         4      0x14  strlen_small.o [12]
  .text              ro code   0x800'a3fc         4      0x58  memchr.o [12]
  .text              ro code   0x800'a454         4      0x70  frexp.o [11]
  .text              ro code   0x800'a4c4         4      0x34  DblCmpLe.o [11]
  .text              ro code   0x800'a4f8         4      0x34  DblCmpGe.o [11]
  .text              ro code   0x800'a52c         4     0x104  ldexp.o [11]
  .text              ro code   0x800'a630         2       0xe  DblToS32.o [11]
  .text              ro code   0x800'a63e         2       0xe  S32ToDbl.o [11]
  .text              ro code   0x800'a64c         2      0x12  DblSub.o [11]
  .text              ro code   0x800'a65e         2      0x12  DblDiv.o [11]
  .text              ro code   0x800'a670         2       0xe  DblToU32.o [11]
  .text              ro code   0x800'a67e         2       0xe  U32ToDbl.o [11]
  .text              ro code   0x800'a68c         2      0x12  DblMul.o [11]
  .text              ro code   0x800'a6a0         4       0x8  xlocale_c.o [10]
  .text              ro code   0x800'a6a8         4     0x106  I64DivMod_small.o [12]
  .text              ro code   0x800'a7b0         4     0x888  tasks.o [6]
  .text              ro code   0x800'b038         4     0x1d4  port.o [6]
  .text              ro code   0x800'b20c         4     0x930  queue.o [6]
  .text              ro code   0x800'bb3c         4     0x110  ethernet.o [7]
  .text              ro code   0x800'bc4c         4      0x74  stm32h7xx_hal.o [8]
  .text              ro code   0x800'bcc0         4     0x400  stm32h7xx_hal_rcc.o [8]
  .text              ro code   0x800'c0c0         2       0x2  stm32h7xx_hal_eth.o [8]
  .text              ro code   0x800'c0c2         2       0x2  stm32h7xx_hal_eth.o [8]
  .text              ro code   0x800'c0c4         2       0x2  stm32h7xx_hal_eth.o [8]
  .text              ro code   0x800'c0c8         4      0x12  ABImemset_small.o [12]
  .text              ro code   0x800'c0dc         4     0x4f0  stm32h7xx_hal_fdcan.o [8]
  .text              ro code   0x800'c5cc         4     0x498  stm32h7xx_hal_i2c.o [8]
  .text              ro code   0x800'ca64         4      0x92  stm32h7xx_hal_i2c_ex.o [8]
  .text              ro code   0x800'caf8         4     0x64a  stm32h7xx_hal_spi.o [8]
  .text              ro code   0x800'd144         4     0x70c  stm32h7xx_hal_uart.o [8]
  .text              ro code   0x800'd850         4      0xf4  stm32h7xx_hal_uart_ex.o [8]
  .text              ro code   0x800'd944         4      0x50  stm32h7xx_hal_pwr_ex.o [8]
  .text              ro code   0x800'd994         4     0x498  stm32h7xx_hal_rcc.o [8]
  .text              ro code   0x800'de2c         4     0xb80  stm32h7xx_hal_rcc_ex.o [8]
  .text              ro code   0x800'e9ac         4      0xf4  lwip.o [1]
  .text              ro code   0x800'eaa0         4      0x10  stm32h7xx_hal.o [8]
  .text              ro code   0x800'eab0         2       0x6  abort.o [10]
  .text              ro code   0x800'eab8         4       0x2  I64DivZer.o [12]
  .text              ro code   0x800'eabc         4     0x1b4  heap_4.o [6]
  .text              ro code   0x800'ec70         2      0x94  list.o [6]
  .text              ro code   0x800'ed04         4      0x18  cmsis_os2.o [6]
  .text              ro code   0x800'ed1c         4     0x358  timers.o [6]
  .text              ro code   0x800'f074         2       0x2  freertos.o [4]
  .text              ro code   0x800'f078         4      0x2c  port.o [6]
  CODE               ro code   0x800'f0a4         4      0xb0  portasm.o [6]
  .text              ro code   0x800'f154         4      0x1e  memcmp_small.o [12]
  .text              ro code   0x800'f174         4      0x88  stm32h7xx_hal_timebase_tim.o [4]
  .text              ro code   0x800'f1fc         4     0x25c  stm32h7xx_hal_msp.o [4]
  .text              ro code   0x800'f458         4      0x14  exit.o [13]
  .text              ro code   0x800'f46c         4      0x18  cmsis_os2.o [6]
  .text              ro code   0x800'f484         4     0x378  stm32h7xx_hal_tim.o [8]
  .text              ro code   0x800'f7fc         4      0x7c  iarttio.o [13]
  .text              ro code   0x800'f878         2       0x2  stm32h7xx_hal_tim.o [8]
  .text              ro code   0x800'f87a         2       0x2  stm32h7xx_hal_tim.o [8]
  .text              ro code   0x800'f87c         2       0x2  stm32h7xx_hal_tim.o [8]
  .text              ro code   0x800'f87e         2       0x2  stm32h7xx_hal_tim_ex.o [8]
  .text              ro code   0x800'f880         2       0x2  stm32h7xx_hal_tim_ex.o [8]
  .text              ro code   0x800'f882         2       0x2  stm32h7xx_hal_tim.o [8]
  .text              ro code   0x800'f884         2       0x2  stm32h7xx_hal_tim_ex.o [8]
  .text              ro code   0x800'f886         2       0x2  stm32h7xx_hal_tim.o [8]
  .text              ro code   0x800'f888         4       0x8  XShttio.o [10]
  .rodata            const     0x800'f890         4     0x534  tcp_out.o [7]
  .rodata            const     0x800'fdc4         4     0x4ac  tcp.o [7]
  .rodata            const     0x801'0270         4     0x298  tcp_in.o [7]
  .rodata            const     0x801'0508         4     0x28c  pbuf.o [7]
  .rodata            const     0x801'0794         4     0x208  etharp.o [7]
  .rodata            const     0x801'099c         4     0x1ac  mem.o [7]
  .rodata            const     0x801'0b48         4     0x164  netif.o [7]
  .rodata            const     0x801'0cac         4     0x164  udp.o [7]
  .rodata            const     0x801'0e10         4     0x11c  icmp.o [7]
  .rodata            const     0x801'0f2c         4     0x108  ip4_frag.o [7]
  .rodata            const     0x801'1034         4      0xfc  timeouts.o [7]
  .rodata            const     0x801'1130         4      0xd8  main.o [4]
  .rodata            const     0x801'1208         4      0xd8  memp.o [7]
  .rodata            const     0x801'12e0         4      0xc8  tcpip.o [7]
  .rodata            const     0x801'13a8         4      0xb8  ethernet.o [7]
  .rodata            const     0x801'1460         4      0xb4  ip4.o [7]
  .text              ro code   0x801'1514         4      0xb4  system_stm32h7xx.o [2]
  .rodata            const     0x801'15c8         4      0x6c  ethernetif.o [9]
  .rodata            const     0x801'1634         4      0x4c  stm32h7xx_hal_fdcan.o [8]
  .text              ro code   0x801'1680         4      0x44  putchar.o [10]
  .text              ro code   0x801'16c4         2      0x10  write.o [13]
  .text              ro code   0x801'16d4         2      0x1e  dwrite.o [13]
  .text              ro code   0x801'16f2         2      0x20  iarwstd.o [13]
  .text              ro code   0x801'1712         2      0x22  iarwrite.o [13]
  .text              ro code   0x801'1734         2      0x38  zero_init3.o [12]
  .text              ro code   0x801'176c         4      0x2a  data_init.o [12]
  .text              ro code   0x801'1798         4      0x22  fpinit_M.o [11]
  .iar.init_table    const     0x801'17bc         4      0x30  - Linker created -
  .text              ro code   0x801'17ec         4      0x20  stm32h7xx_it.o [4]
  .text              ro code   0x801'180c         4      0x1e  cmain.o [12]
  .text              ro code   0x801'182a         2       0x4  low_level_init.o [10]
  .text              ro code   0x801'182e         2       0x4  exit.o [10]
  .text              ro code   0x801'1834         4       0xa  cexit.o [12]
  .text              ro code   0x801'1840         4      0x1c  cstartup_M.o [12]
  .text              ro code   0x801'185c         2      0x16  xprout.o [10]
  .rodata            const     0x801'1874         4      0x10  main.o [4]
  .rodata            const     0x801'1884         4      0x10  main.o [4]
  .text              ro code   0x801'1894         4      0x10  startup_stm32h730xx.o [5]
  .rodata            const     0x801'18a4         4       0xc  main.o [4]
  .rodata            const     0x801'18b0         4       0xc  main.o [4]
  .rodata            const     0x801'18bc         4       0xc  main.o [4]
  .rodata            const     0x801'18c8         4       0xc  main.o [4]
  .rodata            const     0x801'18d4         4       0xc  memp.o [7]
  .rodata            const     0x801'18e0         4       0xc  memp.o [7]
  .rodata            const     0x801'18ec         4       0xc  memp.o [7]
  .rodata            const     0x801'18f8         4       0xc  memp.o [7]
  .rodata            const     0x801'1904         4       0xc  memp.o [7]
  .rodata            const     0x801'1910         4       0xc  memp.o [7]
  .rodata            const     0x801'191c         4       0xc  memp.o [7]
  .rodata            const     0x801'1928         4       0xc  memp.o [7]
  .rodata            const     0x801'1934         4       0xc  memp.o [7]
  .rodata            const     0x801'1940         4       0xc  memp.o [7]
  .rodata            const     0x801'194c         4       0xc  memp.o [7]
  .rodata            const     0x801'1958         4       0xc  memp.o [7]
  .rodata            const     0x801'1964         4       0xc  memp.o [7]
  .rodata            const     0x801'1970         4       0x8  ethernet.o [7]
  .rodata            const     0x801'1978         4       0x4  ip4_addr.o [7]
  .text              ro code   0x801'197c         2       0x4  startup_stm32h730xx.o [5]
  .text              ro code   0x801'1980         2       0x4  startup_stm32h730xx.o [5]
  .text              ro code   0x801'1984         2       0x4  startup_stm32h730xx.o [5]
  .text              ro code   0x801'1988         2       0x4  startup_stm32h730xx.o [5]
  .text              ro code   0x801'198c         2       0x4  startup_stm32h730xx.o [5]
  .text              ro code   0x801'1990         2       0x4  startup_stm32h730xx.o [5]
  .text              ro code   0x801'1994         2       0x4  startup_stm32h730xx.o [5]
  .text              ro code   0x801'1998         2       0x4  startup_stm32h730xx.o [5]
  .text              ro code   0x801'199c         2       0x4  startup_stm32h730xx.o [5]
  .text              ro code   0x801'19a0         2       0x4  startup_stm32h730xx.o [5]
  .text              ro code   0x801'19a4         2       0x4  startup_stm32h730xx.o [5]
  .text              ro code   0x801'19a8         2       0x4  startup_stm32h730xx.o [5]
  .text              ro code   0x801'19ac         2       0x4  startup_stm32h730xx.o [5]
  .text              ro code   0x801'19b0         2       0x4  startup_stm32h730xx.o [5]
  .text              ro code   0x801'19b4         2       0x4  startup_stm32h730xx.o [5]
  .text              ro code   0x801'19b8         2       0x4  startup_stm32h730xx.o [5]
  .text              ro code   0x801'19bc         2       0x4  startup_stm32h730xx.o [5]
  .text              ro code   0x801'19c0         2       0x4  startup_stm32h730xx.o [5]
  .text              ro code   0x801'19c4         2       0x4  startup_stm32h730xx.o [5]
  .text              ro code   0x801'19c8         2       0x4  startup_stm32h730xx.o [5]
  .text              ro code   0x801'19cc         2       0x4  startup_stm32h730xx.o [5]
  .text              ro code   0x801'19d0         2       0x4  startup_stm32h730xx.o [5]
  .text              ro code   0x801'19d4         2       0x4  startup_stm32h730xx.o [5]
  .text              ro code   0x801'19d8         2       0x4  startup_stm32h730xx.o [5]
  .text              ro code   0x801'19dc         2       0x4  startup_stm32h730xx.o [5]
  .text              ro code   0x801'19e0         2       0x4  startup_stm32h730xx.o [5]
  .text              ro code   0x801'19e4         2       0x4  startup_stm32h730xx.o [5]
  .text              ro code   0x801'19e8         2       0x4  startup_stm32h730xx.o [5]
  .text              ro code   0x801'19ec         2       0x4  startup_stm32h730xx.o [5]
  .text              ro code   0x801'19f0         2       0x4  startup_stm32h730xx.o [5]
  .text              ro code   0x801'19f4         2       0x4  startup_stm32h730xx.o [5]
  .text              ro code   0x801'19f8         2       0x4  startup_stm32h730xx.o [5]
  .text              ro code   0x801'19fc         2       0x4  startup_stm32h730xx.o [5]
  .text              ro code   0x801'1a00         2       0x4  startup_stm32h730xx.o [5]
  .text              ro code   0x801'1a04         2       0x4  startup_stm32h730xx.o [5]
  .text              ro code   0x801'1a08         2       0x4  startup_stm32h730xx.o [5]
  .text              ro code   0x801'1a0c         2       0x4  startup_stm32h730xx.o [5]
  .text              ro code   0x801'1a10         2       0x4  startup_stm32h730xx.o [5]
  .text              ro code   0x801'1a14         2       0x4  startup_stm32h730xx.o [5]
  .text              ro code   0x801'1a18         2       0x4  startup_stm32h730xx.o [5]
  .text              ro code   0x801'1a1c         2       0x4  startup_stm32h730xx.o [5]
  .text              ro code   0x801'1a20         2       0x4  startup_stm32h730xx.o [5]
  .text              ro code   0x801'1a24         2       0x4  startup_stm32h730xx.o [5]
  .text              ro code   0x801'1a28         2       0x4  startup_stm32h730xx.o [5]
  .text              ro code   0x801'1a2c         2       0x4  startup_stm32h730xx.o [5]
  .text              ro code   0x801'1a30         2       0x4  startup_stm32h730xx.o [5]
  .text              ro code   0x801'1a34         2       0x4  startup_stm32h730xx.o [5]
  .text              ro code   0x801'1a38         2       0x4  startup_stm32h730xx.o [5]
  .text              ro code   0x801'1a3c         2       0x4  startup_stm32h730xx.o [5]
  .text              ro code   0x801'1a40         2       0x4  startup_stm32h730xx.o [5]
  .text              ro code   0x801'1a44         2       0x4  startup_stm32h730xx.o [5]
  .text              ro code   0x801'1a48         2       0x4  startup_stm32h730xx.o [5]
  .text              ro code   0x801'1a4c         2       0x4  startup_stm32h730xx.o [5]
  .text              ro code   0x801'1a50         2       0x4  startup_stm32h730xx.o [5]
  .text              ro code   0x801'1a54         2       0x4  startup_stm32h730xx.o [5]
  .text              ro code   0x801'1a58         2       0x4  startup_stm32h730xx.o [5]
  .text              ro code   0x801'1a5c         2       0x4  startup_stm32h730xx.o [5]
  .text              ro code   0x801'1a60         2       0x4  startup_stm32h730xx.o [5]
  .text              ro code   0x801'1a64         2       0x4  startup_stm32h730xx.o [5]
  .text              ro code   0x801'1a68         2       0x4  startup_stm32h730xx.o [5]
  .text              ro code   0x801'1a6c         2       0x4  startup_stm32h730xx.o [5]
  .text              ro code   0x801'1a70         2       0x4  startup_stm32h730xx.o [5]
  .text              ro code   0x801'1a74         2       0x4  startup_stm32h730xx.o [5]
  .text              ro code   0x801'1a78         2       0x4  startup_stm32h730xx.o [5]
  .text              ro code   0x801'1a7c         2       0x4  startup_stm32h730xx.o [5]
  .text              ro code   0x801'1a80         2       0x4  startup_stm32h730xx.o [5]
  .text              ro code   0x801'1a84         2       0x4  startup_stm32h730xx.o [5]
  .text              ro code   0x801'1a88         2       0x4  startup_stm32h730xx.o [5]
  .text              ro code   0x801'1a8c         2       0x4  startup_stm32h730xx.o [5]
  .text              ro code   0x801'1a90         2       0x4  startup_stm32h730xx.o [5]
  .text              ro code   0x801'1a94         2       0x4  startup_stm32h730xx.o [5]
  .text              ro code   0x801'1a98         2       0x4  startup_stm32h730xx.o [5]
  .text              ro code   0x801'1a9c         2       0x4  startup_stm32h730xx.o [5]
  .text              ro code   0x801'1aa0         2       0x4  startup_stm32h730xx.o [5]
  .text              ro code   0x801'1aa4         2       0x4  startup_stm32h730xx.o [5]
  .text              ro code   0x801'1aa8         2       0x4  startup_stm32h730xx.o [5]
  .text              ro code   0x801'1aac         2       0x4  startup_stm32h730xx.o [5]
  .text              ro code   0x801'1ab0         2       0x4  startup_stm32h730xx.o [5]
  .text              ro code   0x801'1ab4         2       0x4  startup_stm32h730xx.o [5]
  .text              ro code   0x801'1ab8         2       0x4  startup_stm32h730xx.o [5]
  .text              ro code   0x801'1abc         2       0x4  startup_stm32h730xx.o [5]
  .text              ro code   0x801'1ac0         2       0x4  startup_stm32h730xx.o [5]
  .text              ro code   0x801'1ac4         2       0x4  startup_stm32h730xx.o [5]
  .text              ro code   0x801'1ac8         2       0x4  startup_stm32h730xx.o [5]
  .text              ro code   0x801'1acc         2       0x4  startup_stm32h730xx.o [5]
  .text              ro code   0x801'1ad0         2       0x4  startup_stm32h730xx.o [5]
  .text              ro code   0x801'1ad4         2       0x4  startup_stm32h730xx.o [5]
  .text              ro code   0x801'1ad8         2       0x4  startup_stm32h730xx.o [5]
  .text              ro code   0x801'1adc         2       0x4  startup_stm32h730xx.o [5]
  .text              ro code   0x801'1ae0         2       0x4  startup_stm32h730xx.o [5]
  .text              ro code   0x801'1ae4         2       0x4  startup_stm32h730xx.o [5]
  .text              ro code   0x801'1ae8         2       0x4  startup_stm32h730xx.o [5]
  .text              ro code   0x801'1aec         2       0x4  startup_stm32h730xx.o [5]
  .text              ro code   0x801'1af0         2       0x4  startup_stm32h730xx.o [5]
  .text              ro code   0x801'1af4         2       0x4  startup_stm32h730xx.o [5]
  .text              ro code   0x801'1af8         2       0x4  startup_stm32h730xx.o [5]
  .text              ro code   0x801'1afc         2       0x4  startup_stm32h730xx.o [5]
  .text              ro code   0x801'1b00         2       0x4  startup_stm32h730xx.o [5]
  .text              ro code   0x801'1b04         2       0x4  startup_stm32h730xx.o [5]
  .text              ro code   0x801'1b08         2       0x4  startup_stm32h730xx.o [5]
  .text              ro code   0x801'1b0c         2       0x4  startup_stm32h730xx.o [5]
  .text              ro code   0x801'1b10         2       0x4  startup_stm32h730xx.o [5]
  .text              ro code   0x801'1b14         2       0x4  startup_stm32h730xx.o [5]
  .text              ro code   0x801'1b18         2       0x4  startup_stm32h730xx.o [5]
  .text              ro code   0x801'1b1c         2       0x4  startup_stm32h730xx.o [5]
  .text              ro code   0x801'1b20         2       0x4  startup_stm32h730xx.o [5]
  .text              ro code   0x801'1b24         2       0x4  startup_stm32h730xx.o [5]
  .text              ro code   0x801'1b28         2       0x4  startup_stm32h730xx.o [5]
  .text              ro code   0x801'1b2c         2       0x4  startup_stm32h730xx.o [5]
  .text              ro code   0x801'1b30         2       0x4  startup_stm32h730xx.o [5]
  .text              ro code   0x801'1b34         2       0x4  startup_stm32h730xx.o [5]
  .text              ro code   0x801'1b38         2       0x4  startup_stm32h730xx.o [5]
  .text              ro code   0x801'1b3c         2       0x4  startup_stm32h730xx.o [5]
  .text              ro code   0x801'1b40         2       0x4  startup_stm32h730xx.o [5]
  .text              ro code   0x801'1b44         2       0x4  startup_stm32h730xx.o [5]
  .text              ro code   0x801'1b48         2       0x4  startup_stm32h730xx.o [5]
  .text              ro code   0x801'1b4c         2       0x4  startup_stm32h730xx.o [5]
  .text              ro code   0x801'1b50         2       0x4  startup_stm32h730xx.o [5]
  .text              ro code   0x801'1b54         2       0x4  startup_stm32h730xx.o [5]
  .text              ro code   0x801'1b58         2       0x4  startup_stm32h730xx.o [5]
  .text              ro code   0x801'1b5c         2       0x4  startup_stm32h730xx.o [5]
  .text              ro code   0x801'1b60         2       0x4  startup_stm32h730xx.o [5]
  .text              ro code   0x801'1b64         2       0x4  startup_stm32h730xx.o [5]
  .text              ro code   0x801'1b68         2       0x4  startup_stm32h730xx.o [5]
  .text              ro code   0x801'1b6c         2       0x4  startup_stm32h730xx.o [5]
  .text              ro code   0x801'1b70         2       0x4  startup_stm32h730xx.o [5]
  .text              ro code   0x801'1b74         2       0x4  startup_stm32h730xx.o [5]
  .text              ro code   0x801'1b78         2       0x4  startup_stm32h730xx.o [5]
  .text              ro code   0x801'1b7c         2       0x4  startup_stm32h730xx.o [5]
  .text              ro code   0x801'1b80         2       0x4  startup_stm32h730xx.o [5]
  .text              ro code   0x801'1b84         2       0x4  startup_stm32h730xx.o [5]
  .text              ro code   0x801'1b88         2       0x4  startup_stm32h730xx.o [5]
  .text              ro code   0x801'1b8c         2       0x4  startup_stm32h730xx.o [5]
  .text              ro code   0x801'1b90         2       0x4  startup_stm32h730xx.o [5]
  .text              ro code   0x801'1b94         2       0x4  startup_stm32h730xx.o [5]
  .text              ro code   0x801'1b98         2       0x4  startup_stm32h730xx.o [5]
  .text              ro code   0x801'1b9c         2       0x4  startup_stm32h730xx.o [5]
  .text              ro code   0x801'1ba0         2       0x4  startup_stm32h730xx.o [5]
  .rodata            const     0x801'1ba4                 0x0  zero_init3.o [12]
  .rodata            const     0x801'1ba4                 0x0  packbits_init_single.o [12]
  Initializer bytes  const     0x801'1ba4                0x9a  <for P2-1>
                             - 0x801'1c3e            0x1'1972

"P2", part 1 of 3:                                      0x14e
  P2-1                        0x2000'0000               0x14e  <Init block>
    .data            inited   0x2000'0000         4      0x78  ethernetif.o [9]
    .data            inited   0x2000'0078         4       0xc  port.o [6]
    .data            inited   0x2000'0084         4       0xc  stm32h7xx_hal.o [8]
    .data            inited   0x2000'0090         4       0x8  system_stm32h7xx.o [2]
    .data            inited   0x2000'0098         4      0x1c  tcp.o [7]
    .data            inited   0x2000'00b4         4       0x8  udp.o [7]
    .data            inited   0x2000'00bc         4       0x8  rand.o [10]
    .data            inited   0x2000'00c4         4      0x38  xlocale_c.o [10]
    .data            inited   0x2000'00fc         4      0x48  xfiles.o [10]
    .data            inited   0x2000'0144         4       0x8  XShttio.o [10]
    .data            inited   0x2000'014c         2       0x2  tcp.o [7]
                            - 0x2000'014e               0x14e

"P2", part 2 of 3:                                   0x1'51b8
  .bss               zero     0x2000'0150         4    0x7820  heap_4.o [6]
  .bss               zero     0x2000'7970         4    0x5fc4  memp.o [7]
  .bss               zero     0x2000'd934         4    0x4984  ethernetif.o [9]
  .bss               zero     0x2001'22b8         4    0x105c  cmsis_os2.o [6]
  .bss               zero     0x2001'3314         4     0x85c  cmsis_os2.o [6]
  .bss               zero     0x2001'3b70         4     0x460  tasks.o [6]
  .bss               zero     0x2001'3fd0         4     0x310  memp.o [7]
  .bss               zero     0x2001'42e0         4     0x16c  memp.o [7]
  .bss               zero     0x2001'444c         4     0x12c  timers.o [6]
  .bss               zero     0x2001'4578         4     0x104  memp.o [7]
  .bss               zero     0x2001'467c         4     0x104  memp.o [7]
  .bss               zero     0x2001'4780         4      0xf0  etharp.o [7]
  .bss               zero     0x2001'4870         4      0xe4  memp.o [7]
  .bss               zero     0x2001'4954         4      0xb0  ethernetif.o [9]
  .bss               zero     0x2001'4a04         4      0xac  main.o [4]
  .bss               zero     0x2001'4ab0         4      0xa4  memp.o [7]
  .bss               zero     0x2001'4b54         4      0xa4  memp.o [7]
  .bss               zero     0x2001'4bf8         4      0xa0  main.o [4]
  .bss               zero     0x2001'4c98         4      0x9c  tasks.o [6]
  .bss               zero     0x2001'4d34         4      0x88  main.o [4]
  .bss               zero     0x2001'4dbc         4      0x84  memp.o [7]
  .bss               zero     0x2001'4e40         4      0x84  memp.o [7]
  .bss               zero     0x2001'4ec4         4      0x84  memp.o [7]
  .bss               zero     0x2001'4f48         4      0x84  rand.o [10]
  .bss               zero     0x2001'4fcc         4      0x70  lwip.o [1]
  .bss               zero     0x2001'503c         4      0x68  main.o [4]
  .bss               zero     0x2001'50a4         4      0x54  main.o [4]
  .bss               zero     0x2001'50f8         4      0x50  xfiles.o [10]
  .bss               zero     0x2001'5148         4      0x4c  stm32h7xx_hal_timebase_tim.o [4]
  .bss               zero     0x2001'5194         4      0x40  queue.o [6]
  .bss               zero     0x2001'51d4         4      0x38  tcp_in.o [7]
  .bss               zero     0x2001'520c         4      0x34  memp.o [7]
  .bss               zero     0x2001'5240         4      0x24  memp.o [7]
  .bss               zero     0x2001'5264         4      0x18  ip.o [7]
  .bss               zero     0x2001'527c         4      0x10  mem.o [7]
  .bss               zero     0x2001'528c         4      0x10  tcpip.o [7]
  .bss               zero     0x2001'529c         4       0xc  netif.o [7]
  .bss               zero     0x2001'52a8         4       0x8  ip4_frag.o [7]
  .bss               zero     0x2001'52b0         4       0x8  timeouts.o [7]
  .bss               zero     0x2001'52b8         4       0x4  cmsis_os2.o [6]
  .bss               zero     0x2001'52bc         4       0x4  ethernetif.o [9]
  .bss               zero     0x2001'52c0         4       0x4  memp.o [7]
  .bss               zero     0x2001'52c4         4       0x4  memp.o [7]
  .bss               zero     0x2001'52c8         4       0x4  memp.o [7]
  .bss               zero     0x2001'52cc         4       0x4  memp.o [7]
  .bss               zero     0x2001'52d0         4       0x4  memp.o [7]
  .bss               zero     0x2001'52d4         4       0x4  memp.o [7]
  .bss               zero     0x2001'52d8         4       0x4  memp.o [7]
  .bss               zero     0x2001'52dc         4       0x4  memp.o [7]
  .bss               zero     0x2001'52e0         4       0x4  memp.o [7]
  .bss               zero     0x2001'52e4         4       0x4  memp.o [7]
  .bss               zero     0x2001'52e8         4       0x4  memp.o [7]
  .bss               zero     0x2001'52ec         4       0x4  memp.o [7]
  .bss               zero     0x2001'52f0         4       0x4  memp.o [7]
  .bss               zero     0x2001'52f4         4       0x4  sys_arch.o [7]
  .bss               zero     0x2001'52f8         4       0x4  timeouts.o [7]
  .bss               zero     0x2001'52fc         4       0x4  xfail_s.o [10]
  .bss               zero     0x2001'5300         2       0x2  ip4.o [7]
  .bss               zero     0x2001'5302                 0x1  etharp.o [7]
  .bss               zero     0x2001'5303                 0x1  pbuf.o [7]
  .bss               zero     0x2001'5304                 0x1  tcp.o [7]
                            - 0x2001'5305            0x1'51b5

"P2", part 3 of 3:                                      0x400
  CSTACK                      0x2001'5308         8     0x400  <Block>
    CSTACK           uninit   0x2001'5308               0x400  <Block tail>
                            - 0x2001'5708               0x400

Absolute sections, part 1 of 2:                          0x60
  .bss               zero     0x3000'0000                0x60  ethernetif.o [9]
                            - 0x3000'0060                0x60

Absolute sections, part 2 of 2:                          0x60
  .bss               zero     0x3000'0100                0x60  ethernetif.o [9]
                            - 0x3000'0160                0x60

Unused ranges:

         From           To    Size
         ----           --    ----
   0x801'1c3e   0x801'ffff  0xe3c2
  0x2000'014e  0x2000'014f     0x2
  0x2001'5708  0x2001'ffff  0xa8f8


*******************************************************************************
*** INIT TABLE
***

          Address      Size
          -------      ----
Zero (__iar_zero_init3)
    3 destination ranges, total size 0x1'5275:
          0x2000'0150  0x1'51b5
          0x3000'0000      0x60
          0x3000'0100      0x60

Copy/packbits (__iar_packbits_init_single3)
    1 source range, total size 0x9a (46% of destination):
           0x801'1ba4      0x9a
    1 destination range, total size 0x14e:
          0x2000'0000     0x14e



*******************************************************************************
*** MODULE SUMMARY
***

    Module                        ro code  ro data  rw data  rw data
                                                              (abs)
    ------                        -------  -------  -------  -------
command line/config:
    ----------------------------------------------------------------
    Total:

C:\Users\Esargeant\Documents\DelSlowEGT\EWARM\DelSlowEGT\Obj\App_1701151011510409763.dir: [1]
    lwip.o                            244               112
    ----------------------------------------------------------------
    Total:                            244               112

C:\Users\Esargeant\Documents\DelSlowEGT\EWARM\DelSlowEGT\Obj\CMSIS_6603591812247902717.dir: [2]
    system_stm32h7xx.o                180        4        8
    ----------------------------------------------------------------
    Total:                            180        4        8

C:\Users\Esargeant\Documents\DelSlowEGT\EWARM\DelSlowEGT\Obj\Components_1361118596739929299.dir: [3]
    lan8742.o                         404
    ----------------------------------------------------------------
    Total:                            404

C:\Users\Esargeant\Documents\DelSlowEGT\EWARM\DelSlowEGT\Obj\Core_13247989168731456611.dir: [4]
    freertos.o                          2
    main.o                          2'744      296      656
    stm32h7xx_hal_msp.o               604
    stm32h7xx_hal_timebase_tim.o      136                76
    stm32h7xx_it.o                     32
    ----------------------------------------------------------------
    Total:                          3'518      296      732

C:\Users\Esargeant\Documents\DelSlowEGT\EWARM\DelSlowEGT\Obj\EWARM_18443280873093131863.dir: [5]
    startup_stm32h730xx.o           1'284
    ----------------------------------------------------------------
    Total:                          1'284

C:\Users\Esargeant\Documents\DelSlowEGT\EWARM\DelSlowEGT\Obj\FreeRTOS_4809373609813369194.dir: [6]
    cmsis_os2.o                     1'180             6'332
    heap_4.o                          436            30'752
    list.o                            148
    port.o                            512        5       12
    portasm.o                         176
    queue.o                         2'352                64
    tasks.o                         2'184             1'276
    timers.o                          856               300
    ----------------------------------------------------------------
    Total:                          7'844        5   38'736

C:\Users\Esargeant\Documents\DelSlowEGT\EWARM\DelSlowEGT\Obj\LwIP_6171225858623166285.dir: [7]
    def.o                              38
    etharp.o                        1'968      520      241
    ethernet.o                        272      192
    icmp.o                            484      284
    inet_chksum.o                     176
    init.o                             38
    ip.o                                                 24
    ip4.o                             752      180        2
    ip4_addr.o                         50        4
    ip4_frag.o                      2'176      264        8
    mem.o                           1'356      428       16
    memp.o                            452      372   27'276
    netif.o                           972      356       12
    pbuf.o                          2'152      652        1
    sys_arch.o                        252                 4
    tcp.o                           3'940    1'209       31
    tcp_in.o                        5'200      664       56
    tcp_out.o                       3'580    1'332
    tcpip.o                           552      200       16
    timeouts.o                        448      252       12
    udp.o                           1'924      360        8
    ----------------------------------------------------------------
    Total:                         26'782    7'269   27'707

C:\Users\Esargeant\Documents\DelSlowEGT\EWARM\DelSlowEGT\Obj\STM32H7xx_HAL_Driver_12323373487323971647.dir: [8]
    stm32h7xx_hal.o                   144        6       12
    stm32h7xx_hal_cortex.o            276
    stm32h7xx_hal_eth.o             3'974
    stm32h7xx_hal_fdcan.o           1'264       76
    stm32h7xx_hal_gpio.o              528
    stm32h7xx_hal_i2c.o             1'176
    stm32h7xx_hal_i2c_ex.o            146
    stm32h7xx_hal_pwr_ex.o             80
    stm32h7xx_hal_rcc.o             2'200
    stm32h7xx_hal_rcc_ex.o          2'944
    stm32h7xx_hal_spi.o             1'610
    stm32h7xx_hal_tim.o               898
    stm32h7xx_hal_tim_ex.o              6
    stm32h7xx_hal_uart.o            1'804
    stm32h7xx_hal_uart_ex.o           244
    ----------------------------------------------------------------
    Total:                         17'294       82       12

C:\Users\Esargeant\Documents\DelSlowEGT\EWARM\DelSlowEGT\Obj\Target_3350788479523181063.dir: [9]
    ethernetif.o                    1'440      163   19'120      192
    ----------------------------------------------------------------
    Total:                          1'440      163   19'120      192

dl7M_tlf.a: [10]
    XShttio.o                           8        4        8
    abort.o                             6
    exit.o                              4
    low_level_init.o                    4
    printf.o                           40
    putchar.o                          68
    rand.o                            152        4      140
    xfail_s.o                          64                 4
    xfiles.o                                    33      152
    xlocale_c.o                         8       29       56
    xprintffull_nomb.o              3'786
    xprout.o                           22
    ----------------------------------------------------------------
    Total:                          4'162       70      360

m7M_tlv.a: [11]
    DblCmpGe.o                         52
    DblCmpLe.o                         52
    DblDiv.o                           18
    DblMul.o                           18
    DblSub.o                           18
    DblToS32.o                         14
    DblToU32.o                         14
    S32ToDbl.o                         14
    U32ToDbl.o                         14
    fpinit_M.o                         34
    frexp.o                           112
    ldexp.o                           260
    ----------------------------------------------------------------
    Total:                            620

rt7M_tl.a: [12]
    ABImemclr.o                         6
    ABImemclr4.o                        6
    ABImemcpy_small.o                  24
    ABImemset48.o                      58
    ABImemset_small.o                  18
    I64DivMod_small.o                 262
    I64DivZer.o                         2
    cexit.o                            10
    cmain.o                            30
    cstartup_M.o                       28
    data_init.o                        42
    memchr.o                           88
    memcmp_small.o                     30
    packbits_init_single.o             58
    strchr.o                           22
    strlen_small.o                     20
    zero_init3.o                       56
    ----------------------------------------------------------------
    Total:                            760

shb_l.a: [13]
    dwrite.o                           30
    exit.o                             20
    iarttio.o                         124
    iarwrite.o                         34
    iarwstd.o                          32
    write.o                            16
    ----------------------------------------------------------------
    Total:                            256

    Gaps                               37        4
    Linker created                              48    1'024
--------------------------------------------------------------------
    Grand Total:                   64'825    7'941   87'811      192


*******************************************************************************
*** ENTRY LIST
***

Entry                       Address    Size  Type      Object
-----                       -------    ----  ----      ------
.iar.init_table$$Base    0x801'17bc           --   Gb  - Linker created -
.iar.init_table$$Limit   0x801'17ec           --   Gb  - Linker created -
?main                    0x801'180d          Code  ??  cmain.o [12]
ADC3_IRQHandler          0x801'1b1d          Code  Wk  startup_stm32h730xx.o [5]
ADCTempPollHandle       0x2001'4a9c     0x4  Data  ??  main.o [4]
ADCTempPoll_attributes   0x801'1154    0x24  Data  ??  main.o [4]
ADC_IRQHandler           0x801'19c5          Code  Wk  startup_stm32h730xx.o [5]
BDMA_Channel0_IRQHandler
                         0x801'1b25          Code  Wk  startup_stm32h730xx.o [5]
BDMA_Channel1_IRQHandler
                         0x801'1b29          Code  Wk  startup_stm32h730xx.o [5]
BDMA_Channel2_IRQHandler
                         0x801'1b2d          Code  Wk  startup_stm32h730xx.o [5]
BDMA_Channel3_IRQHandler
                         0x801'1b31          Code  Wk  startup_stm32h730xx.o [5]
BDMA_Channel4_IRQHandler
                         0x801'1b35          Code  Wk  startup_stm32h730xx.o [5]
BDMA_Channel5_IRQHandler
                         0x801'1b39          Code  Wk  startup_stm32h730xx.o [5]
BDMA_Channel6_IRQHandler
                         0x801'1b3d          Code  Wk  startup_stm32h730xx.o [5]
BDMA_Channel7_IRQHandler
                         0x801'1b41          Code  Wk  startup_stm32h730xx.o [5]
BusFault_Handler         0x801'17f3     0x2  Code  ??  stm32h7xx_it.o [4]
CANFrameHandle          0x2001'4aa4     0x4  Data  ??  main.o [4]
CANFrame_attributes      0x801'119c    0x24  Data  ??  main.o [4]
CEC_IRQHandler           0x801'1ad5          Code  Wk  startup_stm32h730xx.o [5]
COMP1_IRQHandler         0x801'1b45          Code  Wk  startup_stm32h730xx.o [5]
CORDIC_IRQHandler        0x801'1b81          Code  Wk  startup_stm32h730xx.o [5]
CRS_IRQHandler           0x801'1b5d          Code  Wk  startup_stm32h730xx.o [5]
CRYP_IRQHandler          0x801'1a9d          Code  Wk  startup_stm32h730xx.o [5]
CSTACK$$Base            0x2001'5308           --   Gb  - Linker created -
CSTACK$$Limit           0x2001'5708           --   ??  - Linker created -
CalibrateThermoHandle   0x2001'4aac     0x4  Data  ??  main.o [4]
CalibrateThermo_attributes
                         0x801'11e4    0x24  Data  ??  main.o [4]
D1CorePrescTable         0x801'15b8    0x10  Data  ??  system_stm32h7xx.o [2]
DCMI_PSSI_IRQHandler     0x801'1a99          Code  Wk  startup_stm32h730xx.o [5]
DFSDM1_FLT0_IRQHandler   0x801'1ae9          Code  Wk  startup_stm32h730xx.o [5]
DFSDM1_FLT1_IRQHandler   0x801'1aed          Code  Wk  startup_stm32h730xx.o [5]
DFSDM1_FLT2_IRQHandler   0x801'1af1          Code  Wk  startup_stm32h730xx.o [5]
DFSDM1_FLT3_IRQHandler   0x801'1af5          Code  Wk  startup_stm32h730xx.o [5]
DLCtoBytes               0x800'c5bc    0x10  Data  Lc  stm32h7xx_hal_fdcan.o [8]
DMA1_Stream0_IRQHandler
                         0x801'19a9          Code  Wk  startup_stm32h730xx.o [5]
DMA1_Stream1_IRQHandler
                         0x801'19ad          Code  Wk  startup_stm32h730xx.o [5]
DMA1_Stream2_IRQHandler
                         0x801'19b1          Code  Wk  startup_stm32h730xx.o [5]
DMA1_Stream3_IRQHandler
                         0x801'19b5          Code  Wk  startup_stm32h730xx.o [5]
DMA1_Stream4_IRQHandler
                         0x801'19b9          Code  Wk  startup_stm32h730xx.o [5]
DMA1_Stream5_IRQHandler
                         0x801'19bd          Code  Wk  startup_stm32h730xx.o [5]
DMA1_Stream6_IRQHandler
                         0x801'19c1          Code  Wk  startup_stm32h730xx.o [5]
DMA1_Stream7_IRQHandler
                         0x801'1a31          Code  Wk  startup_stm32h730xx.o [5]
DMA2D_IRQHandler         0x801'1ac9          Code  Wk  startup_stm32h730xx.o [5]
DMA2_Stream0_IRQHandler
                         0x801'1a55          Code  Wk  startup_stm32h730xx.o [5]
DMA2_Stream1_IRQHandler
                         0x801'1a59          Code  Wk  startup_stm32h730xx.o [5]
DMA2_Stream2_IRQHandler
                         0x801'1a5d          Code  Wk  startup_stm32h730xx.o [5]
DMA2_Stream3_IRQHandler
                         0x801'1a61          Code  Wk  startup_stm32h730xx.o [5]
DMA2_Stream4_IRQHandler
                         0x801'1a65          Code  Wk  startup_stm32h730xx.o [5]
DMA2_Stream5_IRQHandler
                         0x801'1a71          Code  Wk  startup_stm32h730xx.o [5]
DMA2_Stream6_IRQHandler
                         0x801'1a75          Code  Wk  startup_stm32h730xx.o [5]
DMA2_Stream7_IRQHandler
                         0x801'1a79          Code  Wk  startup_stm32h730xx.o [5]
DMAMUX1_OVR_IRQHandler   0x801'1ae5          Code  Wk  startup_stm32h730xx.o [5]
DMAMUX2_OVR_IRQHandler   0x801'1b21          Code  Wk  startup_stm32h730xx.o [5]
DMARxDscrTab            0x3000'0000    0x60  Data  ??  ethernetif.o [9]
DMATxDscrTab            0x3000'0100    0x60  Data  ??  ethernetif.o [9]
DTS_IRQHandler           0x801'1b69          Code  Wk  startup_stm32h730xx.o [5]
DebugMon_Handler         0x801'17f7     0x2  Code  ??  stm32h7xx_it.o [4]
ECC_IRQHandler           0x801'1b61          Code  Wk  startup_stm32h730xx.o [5]
ETH_IRQHandler           0x801'17ff     0x6  Code  ??  stm32h7xx_it.o [4]
ETH_PHY_IO_DeInit        0x800'54df     0x4  Code  ??  ethernetif.o [9]
ETH_PHY_IO_GetTick       0x800'5509     0x4  Code  ??  ethernetif.o [9]
ETH_PHY_IO_Init          0x800'54d3     0xc  Code  ??  ethernetif.o [9]
ETH_PHY_IO_ReadReg       0x800'54e3    0x10  Code  ??  ethernetif.o [9]
ETH_PHY_IO_WriteReg      0x800'54f3     0xe  Code  ??  ethernetif.o [9]
ETH_Prepare_Tx_Descriptors
                         0x800'8f55   0x3bc  Code  Lc  stm32h7xx_hal_eth.o [8]
ETH_SetDMAConfig         0x800'8ed5    0x78  Code  Lc  stm32h7xx_hal_eth.o [8]
ETH_SetMACConfig         0x800'8d67   0x16e  Code  Lc  stm32h7xx_hal_eth.o [8]
ETH_UpdateDescriptor     0x800'88cb    0x6a  Code  Lc  stm32h7xx_hal_eth.o [8]
ETH_WKUP_IRQHandler      0x801'1a69          Code  Wk  startup_stm32h730xx.o [5]
EXTI0_IRQHandler         0x801'1995          Code  Wk  startup_stm32h730xx.o [5]
EXTI15_10_IRQHandler     0x801'1a19          Code  Wk  startup_stm32h730xx.o [5]
EXTI1_IRQHandler         0x801'1999          Code  Wk  startup_stm32h730xx.o [5]
EXTI2_IRQHandler         0x801'199d          Code  Wk  startup_stm32h730xx.o [5]
EXTI3_IRQHandler         0x801'19a1          Code  Wk  startup_stm32h730xx.o [5]
EXTI4_IRQHandler         0x801'19a5          Code  Wk  startup_stm32h730xx.o [5]
EXTI9_5_IRQHandler       0x801'19d9          Code  Wk  startup_stm32h730xx.o [5]
Error_Handler            0x800'9f8d     0x4  Code  ??  main.o [4]
FDCAN1_IT0_IRQHandler    0x801'19c9          Code  Wk  startup_stm32h730xx.o [5]
FDCAN1_IT1_IRQHandler    0x801'19d1          Code  Wk  startup_stm32h730xx.o [5]
FDCAN2_IT0_IRQHandler    0x801'19cd          Code  Wk  startup_stm32h730xx.o [5]
FDCAN2_IT1_IRQHandler    0x801'19d5          Code  Wk  startup_stm32h730xx.o [5]
FDCAN3_IT0_IRQHandler    0x801'1b95          Code  Wk  startup_stm32h730xx.o [5]
FDCAN3_IT1_IRQHandler    0x801'1b99          Code  Wk  startup_stm32h730xx.o [5]
FDCAN_CAL_IRQHandler     0x801'1a6d          Code  Wk  startup_stm32h730xx.o [5]
FDCAN_CopyMessageToRAM   0x800'c549    0x74  Code  Lc  stm32h7xx_hal_fdcan.o [8]
FLASH_IRQHandler         0x801'198d          Code  Wk  startup_stm32h730xx.o [5]
FMAC_IRQHandler          0x801'1b7d          Code  Wk  startup_stm32h730xx.o [5]
FMC_IRQHandler           0x801'1a35          Code  Wk  startup_stm32h730xx.o [5]
FPU_IRQHandler           0x801'1aa5          Code  Wk  startup_stm32h730xx.o [5]
GATEWAY_ADDRESS         0x2001'4fd4     0x4  Data  ??  lwip.o [1]
HAL_ETH_EEECallback      0x800'c0c3     0x2  Code  Wk  stm32h7xx_hal_eth.o [8]
HAL_ETH_ErrorCallback    0x800'511d    0x12  Code  ??  ethernetif.o [9]
HAL_ETH_GetDMAError      0x800'8d61     0x6  Code  ??  stm32h7xx_hal_eth.o [8]
HAL_ETH_GetMACConfig     0x800'8b37   0x196  Code  ??  stm32h7xx_hal_eth.o [8]
HAL_ETH_IRQHandler       0x800'8979   0x10a  Code  ??  stm32h7xx_hal_eth.o [8]
HAL_ETH_Init             0x800'83dd   0x264  Code  ??  stm32h7xx_hal_eth.o [8]
HAL_ETH_MspInit          0x800'53c9   0x10a  Code  ??  ethernetif.o [9]
HAL_ETH_PMTCallback      0x800'c0c1     0x2  Code  Wk  stm32h7xx_hal_eth.o [8]
HAL_ETH_ReadData         0x800'87dd    0xee  Code  ??  stm32h7xx_hal_eth.o [8]
HAL_ETH_ReadPHYRegister
                         0x800'8a83    0x5a  Code  ??  stm32h7xx_hal_eth.o [8]
HAL_ETH_ReleaseTxPacket
                         0x800'8935    0x44  Code  ??  stm32h7xx_hal_eth.o [8]
HAL_ETH_RxAllocateCallback
                         0x800'55bd    0x3c  Code  ??  ethernetif.o [9]
HAL_ETH_RxCpltCallback   0x800'5109     0xa  Code  ??  ethernetif.o [9]
HAL_ETH_RxLinkCallback   0x800'55f9    0x50  Code  ??  ethernetif.o [9]
HAL_ETH_SetMACConfig     0x800'8cd7    0x18  Code  ??  stm32h7xx_hal_eth.o [8]
HAL_ETH_SetMDIOClockRange
                         0x800'8cef    0x66  Code  ??  stm32h7xx_hal_eth.o [8]
HAL_ETH_Start_IT         0x800'8641    0x80  Code  ??  stm32h7xx_hal_eth.o [8]
HAL_ETH_Stop_IT          0x800'86fd    0x86  Code  ??  stm32h7xx_hal_eth.o [8]
HAL_ETH_Transmit_IT      0x800'8783    0x5a  Code  ??  stm32h7xx_hal_eth.o [8]
HAL_ETH_TxCpltCallback   0x800'5113     0xa  Code  ??  ethernetif.o [9]
HAL_ETH_TxFreeCallback   0x800'5681     0x4  Code  ??  ethernetif.o [9]
HAL_ETH_WakeUpCallback   0x800'c0c5     0x2  Code  Wk  stm32h7xx_hal_eth.o [8]
HAL_ETH_WritePHYRegister
                         0x800'8add    0x5a  Code  ??  stm32h7xx_hal_eth.o [8]
HAL_FDCAN_AddMessageToTxFifoQ
                         0x800'c4d5    0x5c  Code  ??  stm32h7xx_hal_fdcan.o [8]
HAL_FDCAN_Init           0x800'c0dd   0x3b0  Code  ??  stm32h7xx_hal_fdcan.o [8]
HAL_FDCAN_Init::CvtEltSize
                         0x801'1634    0x4c  Data  Lc  stm32h7xx_hal_fdcan.o [8]
HAL_FDCAN_MspInit        0x800'f221    0x74  Code  ??  stm32h7xx_hal_msp.o [4]
HAL_FDCAN_Start          0x800'c4b3    0x22  Code  ??  stm32h7xx_hal_fdcan.o [8]
HAL_GPIO_Init            0x800'9fbd   0x1d8  Code  ??  stm32h7xx_hal_gpio.o [8]
HAL_GPIO_WritePin        0x800'a195     0x8  Code  ??  stm32h7xx_hal_gpio.o [8]
HAL_GetTick              0x800'9fb1     0xc  Code  Wk  stm32h7xx_hal.o [8]
HAL_I2CEx_ConfigAnalogFilter
                         0x800'ca65    0x38  Code  ??  stm32h7xx_hal_i2c_ex.o [8]
HAL_I2CEx_ConfigDigitalFilter
                         0x800'ca9d    0x34  Code  ??  stm32h7xx_hal_i2c_ex.o [8]
HAL_I2C_Init             0x800'c5cd    0xb4  Code  ??  stm32h7xx_hal_i2c.o [8]
HAL_I2C_Master_Receive   0x800'c689    0x96  Code  ??  stm32h7xx_hal_i2c.o [8]
HAL_I2C_MspInit          0x800'f295    0x6e  Code  ??  stm32h7xx_hal_msp.o [4]
HAL_IncTick              0x800'eaa1    0x10  Code  Wk  stm32h7xx_hal.o [8]
HAL_Init                 0x800'bc4d    0x4a  Code  ??  stm32h7xx_hal.o [8]
HAL_InitTick             0x800'f175    0x72  Code  ??  stm32h7xx_hal_timebase_tim.o [4]
HAL_MPU_ConfigRegion     0x800'a27d    0x4c  Code  ??  stm32h7xx_hal_cortex.o [8]
HAL_MPU_Disable          0x800'a24f    0x14  Code  ??  stm32h7xx_hal_cortex.o [8]
HAL_MPU_Enable           0x800'a263    0x1a  Code  ??  stm32h7xx_hal_cortex.o [8]
HAL_MspInit              0x800'f1fd    0x24  Code  ??  stm32h7xx_hal_msp.o [4]
HAL_NVIC_EnableIRQ       0x800'a239    0x16  Code  ??  stm32h7xx_hal_cortex.o [8]
HAL_NVIC_SetPriority     0x800'a1fb    0x3e  Code  ??  stm32h7xx_hal_cortex.o [8]
HAL_NVIC_SetPriorityGrouping
                         0x800'a1e7    0x14  Code  ??  stm32h7xx_hal_cortex.o [8]
HAL_PWREx_ConfigSupply   0x800'd945    0x40  Code  ??  stm32h7xx_hal_pwr_ex.o [8]
HAL_RCCEx_GetD3PCLK1Freq
                         0x800'e5c1     0xa  Code  ??  stm32h7xx_hal_rcc_ex.o [8]
HAL_RCCEx_GetPLL2ClockFreq
                         0x800'e5e1    0x6a  Code  ??  stm32h7xx_hal_rcc_ex.o [8]
HAL_RCCEx_GetPLL3ClockFreq
                         0x800'e669    0x68  Code  ??  stm32h7xx_hal_rcc_ex.o [8]
HAL_RCCEx_PeriphCLKConfig
                         0x800'de2d   0x768  Code  ??  stm32h7xx_hal_rcc_ex.o [8]
HAL_RCC_ClockConfig      0x800'bcc1   0x1dc  Code  ??  stm32h7xx_hal_rcc.o [8]
HAL_RCC_GetClockConfig   0x800'c033    0x4c  Code  ??  stm32h7xx_hal_rcc.o [8]
HAL_RCC_GetHCLKFreq      0x800'bfd3    0x30  Code  ??  stm32h7xx_hal_rcc.o [8]
HAL_RCC_GetPCLK1Freq     0x800'c003    0x10  Code  ??  stm32h7xx_hal_rcc.o [8]
HAL_RCC_GetPCLK2Freq     0x800'c013     0xe  Code  ??  stm32h7xx_hal_rcc.o [8]
HAL_RCC_GetSysClockFreq
                         0x800'bed5    0xfe  Code  ??  stm32h7xx_hal_rcc.o [8]
HAL_RCC_OscConfig        0x800'd995   0x498  Code  Wk  stm32h7xx_hal_rcc.o [8]
HAL_SPI_Init             0x800'caf9   0x14e  Code  ??  stm32h7xx_hal_spi.o [8]
HAL_SPI_MspInit          0x800'f30f    0xa8  Code  ??  stm32h7xx_hal_msp.o [4]
HAL_SPI_Receive          0x800'ce79   0x1a4  Code  ??  stm32h7xx_hal_spi.o [8]
HAL_SPI_Transmit         0x800'cc55   0x224  Code  ??  stm32h7xx_hal_spi.o [8]
HAL_SYSCFG_ETHInterfaceSelect
                         0x800'bc97     0xa  Code  ??  stm32h7xx_hal.o [8]
HAL_TIMEx_Break2Callback
                         0x800'f881     0x2  Code  Wk  stm32h7xx_hal_tim_ex.o [8]
HAL_TIMEx_BreakCallback
                         0x800'f87f     0x2  Code  Wk  stm32h7xx_hal_tim_ex.o [8]
HAL_TIMEx_CommutCallback
                         0x800'f885     0x2  Code  Wk  stm32h7xx_hal_tim_ex.o [8]
HAL_TIM_Base_Init        0x800'f485    0x1a  Code  ??  stm32h7xx_hal_tim.o [8]
HAL_TIM_Base_MspInit     0x800'f879     0x2  Code  Wk  stm32h7xx_hal_tim.o [8]
HAL_TIM_Base_Start_IT    0x800'f49f    0x8e  Code  ??  stm32h7xx_hal_tim.o [8]
HAL_TIM_IC_CaptureCallback
                         0x800'f87b     0x2  Code  Wk  stm32h7xx_hal_tim.o [8]
HAL_TIM_IRQHandler       0x800'f5b9   0x15c  Code  ??  stm32h7xx_hal_tim.o [8]
HAL_TIM_OC_DelayElapsedCallback
                         0x800'f87d     0x2  Code  Wk  stm32h7xx_hal_tim.o [8]
HAL_TIM_PWM_PulseFinishedCallback
                         0x800'f887     0x2  Code  Wk  stm32h7xx_hal_tim.o [8]
HAL_TIM_PeriodElapsedCallback
                         0x800'9ee9     0xe  Code  ??  main.o [4]
HAL_TIM_TriggerCallback
                         0x800'f883     0x2  Code  Wk  stm32h7xx_hal_tim.o [8]
HAL_UARTEx_DisableFifoMode
                         0x800'd851    0x3a  Code  ??  stm32h7xx_hal_uart_ex.o [8]
HAL_UARTEx_SetRxFifoThreshold
                         0x800'd8a1    0x14  Code  ??  stm32h7xx_hal_uart_ex.o [8]
HAL_UARTEx_SetTxFifoThreshold
                         0x800'd88b    0x16  Code  ??  stm32h7xx_hal_uart_ex.o [8]
HAL_UART_Init            0x800'd145    0x3a  Code  ??  stm32h7xx_hal_uart.o [8]
HAL_UART_MspInit         0x800'f3c1    0x70  Code  ??  stm32h7xx_hal_msp.o [4]
HASH_RNG_IRQHandler      0x801'1aa1          Code  Wk  startup_stm32h730xx.o [5]
HSEM1_IRQHandler         0x801'1b19          Code  Wk  startup_stm32h730xx.o [5]
HardFault_Handler        0x801'17ef     0x2  Code  ??  stm32h7xx_it.o [4]
I2C1_ER_IRQHandler       0x801'19f9          Code  Wk  startup_stm32h730xx.o [5]
I2C1_EV_IRQHandler       0x801'19f5          Code  Wk  startup_stm32h730xx.o [5]
I2C2_ER_IRQHandler       0x801'1a01          Code  Wk  startup_stm32h730xx.o [5]
I2C2_EV_IRQHandler       0x801'19fd          Code  Wk  startup_stm32h730xx.o [5]
I2C3_ER_IRQHandler       0x801'1a85          Code  Wk  startup_stm32h730xx.o [5]
I2C3_EV_IRQHandler       0x801'1a81          Code  Wk  startup_stm32h730xx.o [5]
I2C4_ER_IRQHandler       0x801'1add          Code  Wk  startup_stm32h730xx.o [5]
I2C4_EV_IRQHandler       0x801'1ad9          Code  Wk  startup_stm32h730xx.o [5]
I2C5_ER_IRQHandler       0x801'1b91          Code  Wk  startup_stm32h730xx.o [5]
I2C5_EV_IRQHandler       0x801'1b8d          Code  Wk  startup_stm32h730xx.o [5]
I2C_Flush_TXDR           0x800'c7ed    0x1c  Code  Lc  stm32h7xx_hal_i2c.o [8]
I2C_IsErrorOccurred      0x800'c947    0xf0  Code  Lc  stm32h7xx_hal_i2c.o [8]
I2C_TransferConfig       0x800'ca37    0x26  Code  Lc  stm32h7xx_hal_i2c.o [8]
I2C_WaitOnFlagUntilTimeout
                         0x800'c809    0x54  Code  Lc  stm32h7xx_hal_i2c.o [8]
I2C_WaitOnRXNEFlagUntilTimeout
                         0x800'c8b7    0x90  Code  Lc  stm32h7xx_hal_i2c.o [8]
I2C_WaitOnSTOPFlagUntilTimeout
                         0x800'c875    0x3a  Code  Lc  stm32h7xx_hal_i2c.o [8]
IP_ADDRESS              0x2001'4fcc     0x4  Data  ??  lwip.o [1]
KernelState             0x2001'52b8     0x4  Data  Lc  cmsis_os2.o [6]
LAN8742                 0x2000'0044    0x20  Data  ??  ethernetif.o [9]
LAN8742_GetLinkState     0x800'9459    0x94  Code  ??  lan8742.o [3]
LAN8742_IOCtx           0x2000'0064    0x14  Data  ??  ethernetif.o [9]
LAN8742_Init             0x800'9395    0xba  Code  ??  lan8742.o [3]
LAN8742_RegisterBusIO    0x800'9363    0x32  Code  ??  lan8742.o [3]
LPTIM1_IRQHandler        0x801'1ad1          Code  Wk  startup_stm32h730xx.o [5]
LPTIM2_IRQHandler        0x801'1b49          Code  Wk  startup_stm32h730xx.o [5]
LPTIM3_IRQHandler        0x801'1b4d          Code  Wk  startup_stm32h730xx.o [5]
LPTIM4_IRQHandler        0x801'1b51          Code  Wk  startup_stm32h730xx.o [5]
LPTIM5_IRQHandler        0x801'1b55          Code  Wk  startup_stm32h730xx.o [5]
LPUART1_IRQHandler       0x801'1b59          Code  Wk  startup_stm32h730xx.o [5]
LTDC_ER_IRQHandler       0x801'1ac5          Code  Wk  startup_stm32h730xx.o [5]
LTDC_IRQHandler          0x801'1ac1          Code  Wk  startup_stm32h730xx.o [5]
MDIOS_IRQHandler         0x801'1b0d          Code  Wk  startup_stm32h730xx.o [5]
MDIOS_WKUP_IRQHandler    0x801'1b09          Code  Wk  startup_stm32h730xx.o [5]
MDMA_IRQHandler          0x801'1b11          Code  Wk  startup_stm32h730xx.o [5]
MX_LWIP_Init             0x800'e9ad    0xd6  Code  ??  lwip.o [1]
MemManage_Handler        0x801'17f1     0x2  Code  ??  stm32h7xx_it.o [4]
NETMASK_ADDRESS         0x2001'4fd0     0x4  Data  ??  lwip.o [1]
NMI_Handler              0x801'17ed     0x2  Code  ??  stm32h7xx_it.o [4]
OCTOSPI1_IRQHandler      0x801'1acd          Code  Wk  startup_stm32h730xx.o [5]
OCTOSPI2_IRQHandler      0x801'1b71          Code  Wk  startup_stm32h730xx.o [5]
OTFDEC1_IRQHandler       0x801'1b75          Code  Wk  startup_stm32h730xx.o [5]
OTFDEC2_IRQHandler       0x801'1b79          Code  Wk  startup_stm32h730xx.o [5]
OTG_HS_EP1_IN_IRQHandler
                         0x801'1a8d          Code  Wk  startup_stm32h730xx.o [5]
OTG_HS_EP1_OUT_IRQHandler
                         0x801'1a89          Code  Wk  startup_stm32h730xx.o [5]
OTG_HS_IRQHandler        0x801'1a95          Code  Wk  startup_stm32h730xx.o [5]
OTG_HS_WKUP_IRQHandler   0x801'1a91          Code  Wk  startup_stm32h730xx.o [5]
PVD_AVD_IRQHandler       0x801'1981          Code  Wk  startup_stm32h730xx.o [5]
PendSV_Handler           0x800'f0a5          Code  ??  portasm.o [6]
PeriphCommonClock_Config
                         0x800'9959    0x28  Code  ??  main.o [4]
RCCEx_PLL2_Config        0x800'e7e9    0xac  Code  Lc  stm32h7xx_hal_rcc_ex.o [8]
RCCEx_PLL3_Config        0x800'e895    0xac  Code  Lc  stm32h7xx_hal_rcc_ex.o [8]
RCC_IRQHandler           0x801'1991          Code  Wk  startup_stm32h730xx.o [5]
RTC_Alarm_IRQHandler     0x801'1a1d          Code  Wk  startup_stm32h730xx.o [5]
RTC_WKUP_IRQHandler      0x801'1989          Code  Wk  startup_stm32h730xx.o [5]
Region$$Table$$Base      0x801'17bc           --   ??  - Linker created -
Region$$Table$$Limit     0x801'17ec           --   ??  - Linker created -
Reset_Handler            0x801'1895          Code  Wk  startup_stm32h730xx.o [5]
RxAllocStatus           0x2000'0000     0x1  Data  Lc  ethernetif.o [9]
RxPktSemaphore          0x2000'003c     0x4  Data  ??  ethernetif.o [9]
SAI1_IRQHandler          0x801'1abd          Code  Wk  startup_stm32h730xx.o [5]
SAI4_IRQHandler          0x801'1b65          Code  Wk  startup_stm32h730xx.o [5]
SDMMC1_IRQHandler        0x801'1a39          Code  Wk  startup_stm32h730xx.o [5]
SDMMC2_IRQHandler        0x801'1b15          Code  Wk  startup_stm32h730xx.o [5]
SPDIF_RX_IRQHandler      0x801'1ae1          Code  Wk  startup_stm32h730xx.o [5]
SPI1_IRQHandler          0x801'1a05          Code  Wk  startup_stm32h730xx.o [5]
SPI2_IRQHandler          0x801'1a09          Code  Wk  startup_stm32h730xx.o [5]
SPI3_IRQHandler          0x801'1a41          Code  Wk  startup_stm32h730xx.o [5]
SPI4_IRQHandler          0x801'1ab1          Code  Wk  startup_stm32h730xx.o [5]
SPI5_IRQHandler          0x801'1ab5          Code  Wk  startup_stm32h730xx.o [5]
SPI6_IRQHandler          0x801'1ab9          Code  Wk  startup_stm32h730xx.o [5]
SPI_CloseTransfer        0x800'd047    0xac  Code  Lc  stm32h7xx_hal_spi.o [8]
SPI_WaitOnFlagUntilTimeout
                         0x800'd103    0x40  Code  Lc  stm32h7xx_hal_spi.o [8]
SVC_Handler              0x800'f0fd          Code  ??  portasm.o [6]
SWPMI1_IRQHandler        0x801'1af9          Code  Wk  startup_stm32h730xx.o [5]
StartDefaultTask         0x800'9981    0x6c  Code  ??  main.o [4]
SysTick_Handler          0x800'775d    0x1a  Code  ??  cmsis_os2.o [6]
SystemClock_Config       0x800'98ab    0xae  Code  ??  main.o [4]
SystemCoreClock         0x2000'0090     0x4  Data  ??  system_stm32h7xx.o [2]
SystemD2Clock           0x2000'0094     0x4  Data  ??  system_stm32h7xx.o [2]
SystemInit               0x801'1515    0x84  Code  ??  system_stm32h7xx.o [2]
TAMP_STAMP_IRQHandler    0x801'1985          Code  Wk  startup_stm32h730xx.o [5]
TIM15_IRQHandler         0x801'1afd          Code  Wk  startup_stm32h730xx.o [5]
TIM16_IRQHandler         0x801'1b01          Code  Wk  startup_stm32h730xx.o [5]
TIM17_IRQHandler         0x801'1b05          Code  Wk  startup_stm32h730xx.o [5]
TIM1_BRK_IRQHandler      0x801'19dd          Code  Wk  startup_stm32h730xx.o [5]
TIM1_CC_IRQHandler       0x801'19e5          Code  Wk  startup_stm32h730xx.o [5]
TIM1_TRG_COM_IRQHandler
                         0x801'19e1          Code  Wk  startup_stm32h730xx.o [5]
TIM1_UP_IRQHandler       0x801'17f9     0x6  Code  ??  stm32h7xx_it.o [4]
TIM23_IRQHandler         0x801'1b9d          Code  Wk  startup_stm32h730xx.o [5]
TIM24_IRQHandler         0x801'1ba1          Code  Wk  startup_stm32h730xx.o [5]
TIM2_IRQHandler          0x801'19e9          Code  Wk  startup_stm32h730xx.o [5]
[...]
prvCheckForValidListAndQueue{1}{2}{3}{4}::xStaticTimerQueue
                        0x2001'4488    0x50  Data  Lc  timers.o [6]
prvCopyDataFromQueue     0x800'ba07    0x26  Code  Lc  queue.o [6]
prvCopyDataToQueue       0x800'b99f    0x68  Code  Lc  queue.o [6]
prvDeleteTCB             0x800'ade9    0x2e  Code  Lc  tasks.o [6]
prvIdleTask              0x800'ada9    0x40  Code  Lc  tasks.o [6]
prvInitialiseMutex       0x800'b339    0x12  Code  Lc  queue.o [6]
prvInitialiseNewQueue    0x800'b319    0x20  Code  Lc  queue.o [6]
prvInitialiseNewTask     0x800'a86f    0x90  Code  Lc  tasks.o [6]
prvInsertBlockIntoFreeList
                         0x800'ec1d    0x46  Code  Lc  heap_4.o [6]
prvInsertTimerInActiveList
                         0x800'efd7    0x34  Code  Lc  timers.o [6]
prvIsQueueEmpty          0x800'ba95    0x16  Code  Lc  queue.o [6]
prvResetNextTaskUnblockTime
                         0x800'ae17    0x1c  Code  Lc  tasks.o [6]
prvSampleTimeNow         0x800'ef5f    0x78  Code  Lc  timers.o [6]
prvSampleTimeNow::xLastTime
                        0x2001'445c     0x4  Data  Lc  timers.o [6]
prvTaskExitError         0x800'b061    0x1c  Code  Lc  port.o [6]
prvTimerTask             0x800'edd5   0x18a  Code  Lc  timers.o [6]
prvUnlockQueue           0x800'ba2d    0x68  Code  Lc  queue.o [6]
putchar                  0x801'1681    0x44  Code  ??  putchar.o [10]
pvPortMalloc             0x800'eabd    0xfe  Code  ??  heap_4.o [6]
pvTaskIncrementMutexHeldCount
                         0x800'af91    0x14  Code  ??  tasks.o [6]
pxCurrentTCB            0x2001'4cc0     0x4  Data  ??  tasks.o [6]
pxCurrentTimerList      0x2001'444c     0x4  Data  Lc  timers.o [6]
pxDelayedTaskList       0x2001'4cc4     0x4  Data  Lc  tasks.o [6]
pxEnd                   0x2000'0158     0x4  Data  Lc  heap_4.o [6]
pxOverflowDelayedTaskList
                        0x2001'4cc8     0x4  Data  Lc  tasks.o [6]
pxOverflowTimerList     0x2001'4450     0x4  Data  Lc  timers.o [6]
pxPortInitialiseStack    0x800'b039    0x26  Code  ??  port.o [6]
pxReadyTasksLists       0x2001'3b70   0x460  Data  Lc  tasks.o [6]
ram                     0x2001'527c     0x4  Data  Lc  mem.o [7]
ram_end                 0x2001'5280     0x4  Data  Lc  mem.o [7]
rand                     0x800'4c9d    0x86  Code  ??  rand.o [10]
reassdatagrams          0x2001'52ac     0x4  Data  Lc  ip4_frag.o [7]
recv_acked              0x2001'51ee     0x2  Data  Lc  tcp_in.o [7]
recv_data               0x2001'5204     0x4  Data  Lc  tcp_in.o [7]
recv_flags              0x2001'51d5     0x1  Data  Lc  tcp_in.o [7]
scalbln                  0x800'a541          Code  ??  ldexp.o [11]
scalblnl                 0x800'a541          Code  ??  ldexp.o [11]
scalbn                   0x800'a541          Code  ??  ldexp.o [11]
scalbnl                  0x800'a541          Code  ??  ldexp.o [11]
scale                    0x800'768f    0x46  Code  Lc  xprintffull_nomb.o [10]
sec_hand                0x2001'52fc     0x4  Data  Lc  xfail_s.o [10]
sendCANFrame             0x800'9d91    0xe2  Code  ??  main.o [4]
seqno                   0x2001'51fc     0x4  Data  Lc  tcp_in.o [7]
setADCCalibration        0x800'9ee1     0x8  Code  ??  main.o [4]
setLEDStatus             0x800'9e75    0x60  Code  ??  main.o [4]
strchr                   0x800'a391          Code  ??  strchr.o [12]
sys_arch_mbox_fetch      0x800'4279    0x38  Code  ??  sys_arch.o [7]
sys_arch_protect         0x800'432b    0x12  Code  ??  sys_arch.o [7]
sys_arch_unprotect       0x800'433d     0x8  Code  ??  sys_arch.o [7]
sys_check_timeouts       0x800'3eab    0x36  Code  ??  timeouts.o [7]
sys_init                 0x800'42c5     0xe  Code  ??  sys_arch.o [7]
sys_mbox_new             0x800'4251    0x18  Code  ??  sys_arch.o [7]
sys_mbox_trypost         0x800'4269    0x10  Code  ??  sys_arch.o [7]
sys_mbox_valid           0x800'42b9     0x2  Code  ??  sys_arch.o [7]
sys_mutex_lock           0x800'42ed     0xa  Code  ??  sys_arch.o [7]
sys_mutex_new            0x800'42d3    0x14  Code  ??  sys_arch.o [7]
sys_mutex_unlock         0x800'42f7     0x6  Code  ??  sys_arch.o [7]
sys_now                  0x800'53c5     0x4  Code  ??  ethernetif.o [9]
sys_thread_new           0x800'42fd    0x2e  Code  ??  sys_arch.o [7]
sys_timeout              0x800'3e7b    0x30  Code  ??  timeouts.o [7]
sys_timeout_abs          0x800'3dcf    0x5e  Code  Lc  timeouts.o [7]
sys_timeouts_init        0x800'3e59    0x22  Code  ??  timeouts.o [7]
sys_timeouts_sleeptime   0x800'3ee1    0x22  Code  ??  timeouts.o [7]
tcp_abandon              0x800'234d    0xee  Code  ??  tcp.o [7]
tcp_abort                0x800'2459     0x4  Code  ??  tcp.o [7]
tcp_active_pcbs         0x2000'00a8     0x4  Data  ??  tcp.o [7]
tcp_active_pcbs_changed
                        0x2000'0098     0x1  Data  ??  tcp.o [7]
tcp_alloc                0x800'2b2d   0x10e  Code  ??  tcp.o [7]
tcp_backoff              0x800'2f64    0x10  Data  Lc  tcp.o [7]
tcp_bound_pcbs          0x2000'00a0     0x4  Data  ??  tcp.o [7]
tcp_close                0x800'2301    0x32  Code  ??  tcp.o [7]
tcp_close_shutdown       0x800'208d   0x17c  Code  Lc  tcp.o [7]
tcp_close_shutdown_fin   0x800'2209    0x72  Code  Lc  tcp.o [7]
tcp_create_segment       0x800'2f91    0xc0  Code  Lc  tcp_out.o [7]
tcp_eff_send_mss_netif   0x800'2d83    0x38  Code  ??  tcp.o [7]
tcp_enqueue_flags        0x800'3251   0x11c  Code  ??  tcp_out.o [7]
tcp_fasttmr              0x800'293b    0x6a  Code  ??  tcp.o [7]
tcp_free                 0x800'2031    0x1e  Code  ??  tcp.o [7]
tcp_free_acked_segments
                         0x800'0d3b    0x9a  Code  Lc  tcp_in.o [7]
tcp_free_ooseq           0x800'2e49    0x12  Code  ??  tcp.o [7]
tcp_get_next_optbyte     0x800'154b    0x26  Code  Lc  tcp_in.o [7]
tcp_init                 0x800'2019    0x16  Code  ??  tcp.o [7]
tcp_input                0x800'02cd   0x8ea  Code  ??  tcp_in.o [7]
tcp_input_delayed_close
                         0x800'0c75    0x4a  Code  Lc  tcp_in.o [7]
tcp_input_pcb           0x2001'5208     0x4  Data  ??  tcp_in.o [7]
tcp_keepalive            0x800'3aa1    0x50  Code  ??  tcp_out.o [7]
tcp_kill_state           0x800'2ad7    0x56  Code  Lc  tcp.o [7]
tcp_listen_pcbs         0x2000'00a4     0x4  Data  ??  tcp.o [7]
tcp_netif_ip_addr_changed
                         0x800'2df1    0x40  Code  ??  tcp.o [7]
tcp_netif_ip_addr_changed_pcblist
                         0x800'2dbd    0x34  Code  Lc  tcp.o [7]
tcp_next_iss             0x800'2d61    0x22  Code  ??  tcp.o [7]
tcp_next_iss::iss       0x2000'00b0     0x4  Data  Lc  tcp.o [7]
tcp_oos_insert_segment   0x800'0cbf    0x7c  Code  Lc  tcp_in.o [7]
tcp_optidx              0x2001'51ec     0x2  Data  Lc  tcp_in.o [7]
tcp_output               0x800'336d   0x2e8  Code  ??  tcp_out.o [7]
tcp_output_alloc_header
                         0x800'38bd    0x4a  Code  Lc  tcp_out.o [7]
tcp_output_alloc_header_common
                         0x800'3833    0x8a  Code  Lc  tcp_out.o [7]
tcp_output_control_segment
                         0x800'3953    0x5a  Code  Lc  tcp_out.o [7]
tcp_output_fill_options
                         0x800'3907    0x46  Code  Lc  tcp_out.o [7]
tcp_output_segment_busy
                         0x800'365f    0x2a  Code  Lc  tcp_out.o [7]
tcp_parseopt             0x800'1571    0x76  Code  Lc  tcp_in.o [7]
tcp_pcb_lists            0x800'2564    0x10  Data  ??  tcp.o [7]
tcp_pcb_purge            0x800'2c41    0x5a  Code  ??  tcp.o [7]
tcp_pcb_remove           0x800'2ca5    0xb6  Code  ??  tcp.o [7]
tcp_persist_backoff      0x800'2f74     0x8  Data  Lc  tcp.o [7]
tcp_port                0x2000'014c     0x2  Data  Lc  tcp.o [7]
tcp_process_refused_data
                         0x800'29a9    0x88  Code  ??  tcp.o [7]
tcp_receive              0x800'0e09   0x714  Code  Lc  tcp_in.o [7]
tcp_recv_null            0x800'2a95    0x38  Code  ??  tcp.o [7]
tcp_recved               0x800'24dd    0x6e  Code  ??  tcp.o [7]
tcp_rexmit               0x800'375d    0x6e  Code  ??  tcp_out.o [7]
tcp_rexmit_fast          0x800'37d3    0x60  Code  ??  tcp_out.o [7]
tcp_rexmit_rto           0x800'3731    0x2c  Code  ??  tcp_out.o [7]
tcp_rexmit_rto_commit    0x800'3701    0x30  Code  ??  tcp_out.o [7]
tcp_rexmit_rto_prepare   0x800'3689    0x70  Code  ??  tcp_out.o [7]
tcp_route                0x800'2f7d    0x12  Code  Lc  tcp_out.o [7]
tcp_rst                  0x800'39ad    0x86  Code  ??  tcp_out.o [7]
tcp_seg_copy             0x800'2a5b    0x3a  Code  ??  tcp.o [7]
tcp_seg_free             0x800'2a43    0x18  Code  ??  tcp.o [7]
tcp_segs_free            0x800'2a31    0x12  Code  ??  tcp.o [7]
tcp_send_empty_ack       0x800'3a39    0x66  Code  ??  tcp_out.o [7]
tcp_send_fin             0x800'31fd    0x54  Code  ??  tcp_out.o [7]
tcp_slowtmr              0x800'257d   0x3b0  Code  ??  tcp.o [7]
tcp_split_unsent_seg     0x800'3093   0x16a  Code  ??  tcp_out.o [7]
tcp_ticks               0x2000'009c     0x4  Data  ??  tcp.o [7]
tcp_timer               0x2001'5304     0x1  Data  Lc  tcp.o [7]
tcp_timer_ctr           0x2000'0099     0x1  Data  Lc  tcp.o [7]
tcp_timer_needed         0x800'3da1    0x2e  Code  ??  timeouts.o [7]
tcp_tmr                  0x800'206d    0x1e  Code  ??  tcp.o [7]
tcp_trigger_input_pcb_close
                         0x800'15e7     0xc  Code  ??  tcp_in.o [7]
tcp_tw_pcbs             0x2000'00ac     0x4  Data  ??  tcp.o [7]
tcp_update_rcv_ann_wnd   0x800'245d    0x62  Code  ??  tcp.o [7]
tcp_zero_window_probe    0x800'3af1    0xba  Code  ??  tcp_out.o [7]
tcphdr                  0x2001'51f4     0x4  Data  Lc  tcp_in.o [7]
tcphdr_opt1len          0x2001'51ea     0x2  Data  Lc  tcp_in.o [7]
tcphdr_opt2             0x2001'51f8     0x4  Data  Lc  tcp_in.o [7]
tcphdr_optlen           0x2001'51e8     0x2  Data  Lc  tcp_in.o [7]
tcpip_init               0x800'4685    0x60  Code  ??  tcpip.o [7]
tcpip_init_done         0x2001'528c     0x4  Data  Lc  tcpip.o [7]
tcpip_init_done_arg     0x2001'5290     0x4  Data  Lc  tcpip.o [7]
tcpip_inpkt              0x800'45c1    0x50  Code  ??  tcpip.o [7]
tcpip_input              0x800'4611    0x10  Code  ??  tcpip.o [7]
tcpip_mbox              0x2001'5294     0x4  Data  Lc  tcpip.o [7]
tcpip_tcp_timer          0x800'3d79    0x28  Code  Lc  timeouts.o [7]
tcpip_tcp_timer_active  0x2001'52f8     0x4  Data  Lc  timeouts.o [7]
tcpip_thread             0x800'4511    0xa6  Code  Lc  tcpip.o [7]
tcpip_try_callback       0x800'4621    0x48  Code  ??  tcpip.o [7]
tcplen                  0x2001'51f0     0x2  Data  Lc  tcp_in.o [7]
temperatureFromSensor   0x2001'503c     0x1  Data  ??  main.o [4]
ucHeap                  0x2000'0170  0x7800  Data  Lc  heap_4.o [6]
ucMaxSysCallPriority    0x2000'0078     0x1  Data  Lc  port.o [6]
udp_bind                 0x800'6335    0xd2  Code  ??  udp.o [7]
udp_connect              0x800'6409    0x6a  Code  ??  udp.o [7]
udp_init                 0x800'5f29    0x16  Code  ??  udp.o [7]
udp_input                0x800'5f3f   0x196  Code  ??  udp.o [7]
udp_netif_ip_addr_changed
                         0x800'648f    0x30  Code  ??  udp.o [7]
udp_new                  0x800'6475    0x1a  Code  ??  udp.o [7]
udp_pcbs                0x2000'00b8     0x4  Data  ??  udp.o [7]
udp_port                0x2000'00b4     0x2  Data  Lc  udp.o [7]
udp_send                 0x800'60d5    0x3c  Code  ??  udp.o [7]
udp_sendto               0x800'6111    0x74  Code  ??  udp.o [7]
udp_sendto_if            0x800'6185    0x80  Code  ??  udp.o [7]
udp_sendto_if_src        0x800'6205   0x130  Code  ??  udp.o [7]
ulMaxPRIGROUPValue      0x2000'0080     0x4  Data  Lc  port.o [6]
uwTick                  0x2000'0088     0x4  Data  ??  stm32h7xx_hal.o [8]
uwTickFreq              0x2000'0084     0x1  Data  ??  stm32h7xx_hal.o [8]
uwTickPrio              0x2000'008c     0x4  Data  ??  stm32h7xx_hal.o [8]
uxCriticalNesting       0x2000'007c     0x4  Data  Lc  port.o [6]
uxCurrentNumberOfTasks  0x2001'4ce4     0x4  Data  Lc  tasks.o [6]
uxDeletedTasksWaitingCleanUp
                        0x2001'4ccc     0x4  Data  Lc  tasks.o [6]
uxListRemove             0x800'ecdd    0x28  Code  ??  list.o [6]
uxSchedulerSuspended    0x2001'4d08     0x4  Data  Lc  tasks.o [6]
uxTaskNumber            0x2001'4d00     0x4  Data  Lc  tasks.o [6]
uxTopReadyPriority      0x2001'4cec     0x4  Data  Lc  tasks.o [6]
vApplicationGetIdleTaskMemory
                         0x800'ed05    0x18  Code  Wk  cmsis_os2.o [6]
vApplicationGetIdleTaskMemory::Idle_Stack
                        0x2001'3370   0x800  Data  Lc  cmsis_os2.o [6]
vApplicationGetIdleTaskMemory::Idle_TCB
                        0x2001'3314    0x5c  Data  Lc  cmsis_os2.o [6]
vApplicationGetTimerTaskMemory
                         0x800'f46d    0x18  Code  Wk  cmsis_os2.o [6]
vApplicationGetTimerTaskMemory::Timer_Stack
                        0x2001'2314  0x1000  Data  Lc  cmsis_os2.o [6]
vApplicationGetTimerTaskMemory::Timer_TCB
                        0x2001'22b8    0x5c  Data  Lc  cmsis_os2.o [6]
vApplicationStackOverflowHook
                         0x800'f075     0x2  Code  ??  freertos.o [4]
vListInitialise          0x800'ec71    0x1a  Code  ??  list.o [6]
vListInitialiseItem      0x800'ec8b     0x6  Code  ??  list.o [6]
vListInsert              0x800'ecab    0x32  Code  ??  list.o [6]
vListInsertEnd           0x800'ec91    0x1a  Code  ??  list.o [6]
vPortEnableVFP           0x800'f139          Code  ??  portasm.o [6]
vPortEnterCritical       0x800'b12b    0x32  Code  ??  port.o [6]
vPortExitCritical        0x800'b15d    0x22  Code  ??  port.o [6]
vPortFree                0x800'ebc9    0x54  Code  ??  heap_4.o [6]
vPortSetupTimerInterrupt
                         0x800'f079    0x2c  Code  Wk  port.o [6]
vPortStartFirstTask      0x800'f119          Code  ??  portasm.o [6]
vPortValidateInterruptPriority
                         0x800'b1a5    0x42  Code  ??  port.o [6]
vQueueAddToRegistry      0x800'baab    0x20  Code  ??  queue.o [6]
vQueueDelete             0x800'b97d    0x22  Code  ??  queue.o [6]
vQueueUnregisterQueue    0x800'bacb    0x22  Code  ??  queue.o [6]
vQueueWaitForMessageRestricted
                         0x800'baf5    0x48  Code  ??  queue.o [6]
vTaskDelay               0x800'a9b9    0x2c  Code  ??  tasks.o [6]
vTaskInternalSetTimeOutState
                         0x800'ad29     0xe  Code  ??  tasks.o [6]
vTaskMissedYield         0x800'ad9f     0xa  Code  ??  tasks.o [6]
vTaskPlaceOnEventList    0x800'ac4f    0x24  Code  ??  tasks.o [6]
vTaskPlaceOnEventListRestricted
                         0x800'ac87    0x24  Code  ??  tasks.o [6]
vTaskPriorityDisinheritAfterTimeout
                         0x800'af21    0x70  Code  ??  tasks.o [6]
vTaskStartScheduler      0x800'a9f5    0x6e  Code  ??  tasks.o [6]
vTaskSuspendAll          0x800'aa63     0xc  Code  ??  tasks.o [6]
vTaskSwitchContext       0x800'abe5    0x6a  Code  ??  tasks.o [6]
xActiveTimerList1       0x2001'4460    0x14  Data  Lc  timers.o [6]
xActiveTimerList2       0x2001'4474    0x14  Data  Lc  timers.o [6]
xBlockAllocatedBit      0x2000'016c     0x4  Data  Lc  heap_4.o [6]
xDelayedTaskList1       0x2001'4d0c    0x14  Data  Lc  tasks.o [6]
xDelayedTaskList2       0x2001'4d20    0x14  Data  Lc  tasks.o [6]
xFreeBytesRemaining     0x2000'015c     0x4  Data  Lc  heap_4.o [6]
xMinimumEverFreeBytesRemaining
                        0x2000'0160     0x4  Data  Lc  heap_4.o [6]
xNextTaskUnblockTime    0x2001'4d04     0x4  Data  Lc  tasks.o [6]
xNumOfOverflows         0x2001'4cfc     0x4  Data  Lc  tasks.o [6]
xNumberOfSuccessfulAllocations
                        0x2000'0164     0x4  Data  Lc  heap_4.o [6]
xNumberOfSuccessfulFrees
                        0x2000'0168     0x4  Data  Lc  heap_4.o [6]
xPendedTicks            0x2001'4cf4     0x4  Data  Lc  tasks.o [6]
xPendingReadyList       0x2001'4c98    0x14  Data  Lc  tasks.o [6]
xPortStartScheduler      0x800'b07d    0xa0  Code  ??  port.o [6]
xPortSysTickHandler      0x800'b17f    0x26  Code  ??  port.o [6]
xQueueCreateCountingSemaphore
                         0x800'b425    0x2e  Code  ??  queue.o [6]
xQueueCreateCountingSemaphoreStatic
                         0x800'b3f1    0x34  Code  ??  queue.o [6]
xQueueCreateMutex        0x800'b34b    0x16  Code  ??  queue.o [6]
xQueueCreateMutexStatic
                         0x800'b361    0x1a  Code  ??  queue.o [6]
xQueueGenericCreate      0x800'b2e1    0x38  Code  ??  queue.o [6]
xQueueGenericCreateStatic
                         0x800'b27f    0x62  Code  ??  queue.o [6]
xQueueGenericReset       0x800'b20d    0x72  Code  ??  queue.o [6]
xQueueGenericSend        0x800'b453   0x124  Code  ??  queue.o [6]
xQueueGenericSendFromISR
                         0x800'b57f    0x92  Code  ??  queue.o [6]
xQueueGiveFromISR        0x800'b611    0x84  Code  ??  queue.o [6]
xQueueGiveMutexRecursive
                         0x800'b37b    0x32  Code  ??  queue.o [6]
xQueueReceive            0x800'b695   0x102  Code  ??  queue.o [6]
xQueueReceiveFromISR     0x800'b8fb    0x76  Code  ??  queue.o [6]
xQueueRegistry          0x2001'5194    0x40  Data  ??  queue.o [6]
xQueueSemaphoreTake      0x800'b7a5   0x12c  Code  ??  queue.o [6]
xQueueTakeMutexRecursive
                         0x800'b3ad    0x34  Code  ??  queue.o [6]
xSchedulerRunning       0x2001'4cf0     0x4  Data  Lc  tasks.o [6]
xStart                  0x2000'0150     0x8  Data  Lc  heap_4.o [6]
xSuspendedTaskList      0x2001'4cd0    0x14  Data  Lc  tasks.o [6]
xTaskCheckForTimeOut     0x800'ad37    0x68  Code  ??  tasks.o [6]
xTaskCreate              0x800'a813    0x5c  Code  ??  tasks.o [6]
xTaskCreateStatic        0x800'a7b1    0x62  Code  ??  tasks.o [6]
xTaskGetCurrentTaskHandle
                         0x800'ae33     0x8  Code  ??  tasks.o [6]
xTaskGetSchedulerState   0x800'ae3b    0x18  Code  ??  tasks.o [6]
xTaskGetTickCount        0x800'ab0b     0x8  Code  ??  tasks.o [6]
xTaskGetTickCountFromISR
                         0x800'ab13     0xe  Code  ??  tasks.o [6]
xTaskIncrementTick       0x800'ab21    0xc4  Code  ??  tasks.o [6]
xTaskPriorityDisinherit
                         0x800'aec7    0x5a  Code  ??  tasks.o [6]
xTaskPriorityInherit     0x800'ae53    0x68  Code  ??  tasks.o [6]
xTaskRemoveFromEventList
                         0x800'acbd    0x54  Code  ??  tasks.o [6]
xTaskResumeAll           0x800'aa6f    0x9c  Code  ??  tasks.o [6]
xTasksWaitingTermination
                        0x2001'4cac    0x14  Data  Lc  tasks.o [6]
xTickCount              0x2001'4ce8     0x4  Data  Lc  tasks.o [6]
xTimerCreateTimerTask    0x800'ed1d    0x54  Code  ??  timers.o [6]
xTimerGenericCommand     0x800'ed87    0x4e  Code  ??  timers.o [6]
xTimerQueue             0x2001'4454     0x4  Data  Lc  timers.o [6]
xTimerTaskHandle        0x2001'4458     0x4  Data  Lc  timers.o [6]
xYieldPending           0x2001'4cf8     0x4  Data  Lc  tasks.o [6]


[1] = C:\Users\Esargeant\Documents\DelSlowEGT\EWARM\DelSlowEGT\Obj\App_1701151011510409763.dir
[2] = C:\Users\Esargeant\Documents\DelSlowEGT\EWARM\DelSlowEGT\Obj\CMSIS_6603591812247902717.dir
[3] = C:\Users\Esargeant\Documents\DelSlowEGT\EWARM\DelSlowEGT\Obj\Components_1361118596739929299.dir
[4] = C:\Users\Esargeant\Documents\DelSlowEGT\EWARM\DelSlowEGT\Obj\Core_13247989168731456611.dir
[5] = C:\Users\Esargeant\Documents\DelSlowEGT\EWARM\DelSlowEGT\Obj\EWARM_18443280873093131863.dir
[6] = C:\Users\Esargeant\Documents\DelSlowEGT\EWARM\DelSlowEGT\Obj\FreeRTOS_4809373609813369194.dir
[7] = C:\Users\Esargeant\Documents\DelSlowEGT\EWARM\DelSlowEGT\Obj\LwIP_6171225858623166285.dir
[8] = C:\Users\Esargeant\Documents\DelSlowEGT\EWARM\DelSlowEGT\Obj\STM32H7xx_HAL_Driver_12323373487323971647.dir
[9] = C:\Users\Esargeant\Documents\DelSlowEGT\EWARM\DelSlowEGT\Obj\Target_3350788479523181063.dir
[10] = dl7M_tlf.a
[11] = m7M_tlv.a
[12] = rt7M_tl.a
[13] = shb_l.a

  64'825 bytes of readonly  code memory
   7'941 bytes of readonly  data memory
  87'811 bytes of readwrite data memory (+ 192 absolute)

Errors: none
Warnings: none
